# Path: /Users/xiaolilillytang/Desktop/AmazingMaze/build_amazingmaze_xcode/build/Release/AmazingMaze.dylib
# Arch: i386
# Object files:
[  0] linker synthesized
[  1] /Users/xiaolilillytang/Desktop/AmazingMaze/build_amazingmaze_xcode/build/AmazingMaze.build/Release/AmazingMaze.build/Objects-normal/i386/Iw2DSceneGraph.o
[  2] /Users/xiaolilillytang/Desktop/AmazingMaze/build_amazingmaze_xcode/build/AmazingMaze.build/Release/AmazingMaze.build/Objects-normal/i386/Iw2DSceneGraphCore.o
[  3] /Users/xiaolilillytang/Desktop/AmazingMaze/build_amazingmaze_xcode/build/AmazingMaze.build/Release/AmazingMaze.build/Objects-normal/i386/IwTween.o
[  4] /Users/xiaolilillytang/Desktop/AmazingMaze/build_amazingmaze_xcode/build/AmazingMaze.build/Release/AmazingMaze.build/Objects-normal/i386/AmazingMaze.o
[  5] /Users/xiaolilillytang/Desktop/AmazingMaze/build_amazingmaze_xcode/build/AmazingMaze.build/Release/AmazingMaze.build/Objects-normal/i386/MazeDrawer.o
[  6] /Users/xiaolilillytang/Desktop/AmazingMaze/build_amazingmaze_xcode/build/AmazingMaze.build/Release/AmazingMaze.build/Objects-normal/i386/MazeGenerator.o
[  7] /Users/xiaolilillytang/Desktop/AmazingMaze/build_amazingmaze_xcode/build/AmazingMaze.build/Release/AmazingMaze.build/Objects-normal/i386/PlayerMovement.o
[  8] /Users/xiaolilillytang/Desktop/AmazingMaze/build_amazingmaze_xcode/build/AmazingMaze.build/Release/AmazingMaze.build/Objects-normal/i386/menu.o
[  9] /Applications/Marmalade.app/Contents/modules/iwutil/lib/x86/darwin/libiwutil.a(IwList.o)
[ 10] /Applications/Marmalade.app/Contents/modules/iwutil/lib/x86/darwin/libiwutil.a(IwMemManagerDL.o)
[ 11] /Applications/Marmalade.app/Contents/modules/iwutil/lib/x86/darwin/libiwutil.a(IwColourOctree.o)
[ 12] /Applications/Marmalade.app/Contents/modules/iwutil/lib/x86/darwin/libiwutil.a(IwFile.o)
[ 13] /Applications/Marmalade.app/Contents/modules/iwutil/lib/x86/darwin/libiwutil.a(IwHashString.o)
[ 14] /Applications/Marmalade.app/Contents/modules/iwutil/lib/x86/darwin/libiwutil.a(IwImage.o)
[ 15] /Applications/Marmalade.app/Contents/modules/iwutil/lib/x86/darwin/libiwutil.a(IwImageATI.o)
[ 16] /Applications/Marmalade.app/Contents/modules/iwutil/lib/x86/darwin/libiwutil.a(IwImageBMP.o)
[ 17] /Applications/Marmalade.app/Contents/modules/iwutil/lib/x86/darwin/libiwutil.a(IwImageGIF.o)
[ 18] /Applications/Marmalade.app/Contents/modules/iwutil/lib/x86/darwin/libiwutil.a(IwImageHelper.o)
[ 19] /Applications/Marmalade.app/Contents/modules/iwutil/lib/x86/darwin/libiwutil.a(IwImageJPG.o)
[ 20] /Applications/Marmalade.app/Contents/modules/iwutil/lib/x86/darwin/libiwutil.a(IwImagePNG.o)
[ 21] /Applications/Marmalade.app/Contents/modules/iwutil/lib/x86/darwin/libiwutil.a(IwImagePVR.o)
[ 22] /Applications/Marmalade.app/Contents/modules/iwutil/lib/x86/darwin/libiwutil.a(IwImageRAW.o)
[ 23] /Applications/Marmalade.app/Contents/modules/iwutil/lib/x86/darwin/libiwutil.a(IwImageRP4.o)
[ 24] /Applications/Marmalade.app/Contents/modules/iwutil/lib/x86/darwin/libiwutil.a(IwImageTGA.o)
[ 25] /Applications/Marmalade.app/Contents/modules/iwutil/lib/x86/darwin/libiwutil.a(IwManaged.o)
[ 26] /Applications/Marmalade.app/Contents/modules/iwutil/lib/x86/darwin/libiwutil.a(IwManagedList.o)
[ 27] /Applications/Marmalade.app/Contents/modules/iwutil/lib/x86/darwin/libiwutil.a(IwMemBucket.o)
[ 28] /Applications/Marmalade.app/Contents/modules/iwutil/lib/x86/darwin/libiwutil.a(IwMemBucketHelpers.o)
[ 29] /Applications/Marmalade.app/Contents/modules/iwutil/lib/x86/darwin/libiwutil.a(IwMemory.o)
[ 30] /Applications/Marmalade.app/Contents/modules/iwutil/lib/x86/darwin/libiwutil.a(IwMenu.o)
[ 31] /Applications/Marmalade.app/Contents/modules/iwutil/lib/x86/darwin/libiwutil.a(IwResource.o)
[ 32] /Applications/Marmalade.app/Contents/modules/iwutil/lib/x86/darwin/libiwutil.a(IwRuntime.o)
[ 33] /Applications/Marmalade.app/Contents/modules/iwutil/lib/x86/darwin/libiwutil.a(IwSerialise.o)
[ 34] /Applications/Marmalade.app/Contents/modules/iwutil/lib/x86/darwin/libiwutil.a(IwTextParser.o)
[ 35] /Applications/Marmalade.app/Contents/modules/iwutil/lib/x86/darwin/libiwutil.a(IwTextParserITX.o)
[ 36] /Applications/Marmalade.app/Contents/modules/iwutil/lib/x86/darwin/libiwutil.a(IwUtil.o)
[ 37] /Applications/Marmalade.app/Contents/modules/iwutil/lib/x86/darwin/libiwutil.a(neuquant32.o)
[ 38] /Applications/Marmalade.app/Contents/modules/third_party/libjpeg/lib/x86/darwin/libjpeg.a(jcomapi.o)
[ 39] /Applications/Marmalade.app/Contents/modules/third_party/libjpeg/lib/x86/darwin/libjpeg.a(jdapimin.o)
[ 40] /Applications/Marmalade.app/Contents/modules/third_party/libjpeg/lib/x86/darwin/libjpeg.a(jdapistd.o)
[ 41] /Applications/Marmalade.app/Contents/modules/third_party/libjpeg/lib/x86/darwin/libjpeg.a(jdcoefct.o)
[ 42] /Applications/Marmalade.app/Contents/modules/third_party/libjpeg/lib/x86/darwin/libjpeg.a(jdcolor.o)
[ 43] /Applications/Marmalade.app/Contents/modules/third_party/libjpeg/lib/x86/darwin/libjpeg.a(jddctmgr.o)
[ 44] /Applications/Marmalade.app/Contents/modules/third_party/libjpeg/lib/x86/darwin/libjpeg.a(jdhuff.o)
[ 45] /Applications/Marmalade.app/Contents/modules/third_party/libjpeg/lib/x86/darwin/libjpeg.a(jdinput.o)
[ 46] /Applications/Marmalade.app/Contents/modules/third_party/libjpeg/lib/x86/darwin/libjpeg.a(jdmainct.o)
[ 47] /Applications/Marmalade.app/Contents/modules/third_party/libjpeg/lib/x86/darwin/libjpeg.a(jdmarker.o)
[ 48] /Applications/Marmalade.app/Contents/modules/third_party/libjpeg/lib/x86/darwin/libjpeg.a(jdmaster.o)
[ 49] /Applications/Marmalade.app/Contents/modules/third_party/libjpeg/lib/x86/darwin/libjpeg.a(jdmerge.o)
[ 50] /Applications/Marmalade.app/Contents/modules/third_party/libjpeg/lib/x86/darwin/libjpeg.a(jdphuff.o)
[ 51] /Applications/Marmalade.app/Contents/modules/third_party/libjpeg/lib/x86/darwin/libjpeg.a(jdpostct.o)
[ 52] /Applications/Marmalade.app/Contents/modules/third_party/libjpeg/lib/x86/darwin/libjpeg.a(jdsample.o)
[ 53] /Applications/Marmalade.app/Contents/modules/third_party/libjpeg/lib/x86/darwin/libjpeg.a(jerror.o)
[ 54] /Applications/Marmalade.app/Contents/modules/third_party/libjpeg/lib/x86/darwin/libjpeg.a(jidctflt.o)
[ 55] /Applications/Marmalade.app/Contents/modules/third_party/libjpeg/lib/x86/darwin/libjpeg.a(jidctfst.o)
[ 56] /Applications/Marmalade.app/Contents/modules/third_party/libjpeg/lib/x86/darwin/libjpeg.a(jidctint.o)
[ 57] /Applications/Marmalade.app/Contents/modules/third_party/libjpeg/lib/x86/darwin/libjpeg.a(jidctred.o)
[ 58] /Applications/Marmalade.app/Contents/modules/third_party/libjpeg/lib/x86/darwin/libjpeg.a(jmemmgr.o)
[ 59] /Applications/Marmalade.app/Contents/modules/third_party/libjpeg/lib/x86/darwin/libjpeg.a(jmemnobs.o)
[ 60] /Applications/Marmalade.app/Contents/modules/third_party/libjpeg/lib/x86/darwin/libjpeg.a(jquant1.o)
[ 61] /Applications/Marmalade.app/Contents/modules/third_party/libjpeg/lib/x86/darwin/libjpeg.a(jquant2.o)
[ 62] /Applications/Marmalade.app/Contents/modules/third_party/libjpeg/lib/x86/darwin/libjpeg.a(jutils.o)
[ 63] /Applications/Marmalade.app/Contents/modules/iw2d/lib/x86/darwin/libiw2d.a(Iw2D.o)
[ 64] /Applications/Marmalade.app/Contents/modules/iw2d/lib/x86/darwin/libiw2d.a(Iw2DBatcher.o)
[ 65] /Applications/Marmalade.app/Contents/modules/iw2d/lib/x86/darwin/libiw2d.a(Iw2DImage.o)
[ 66] /Applications/Marmalade.app/Contents/modules/iw2d/lib/x86/darwin/libiw2d.a(Iw2DPrim.o)
[ 67] /Applications/Marmalade.app/Contents/modules/iw2d/lib/x86/darwin/libiw2d.a(Iw2DState.o)
[ 68] /Applications/Marmalade.app/Contents/modules/iw2d/lib/x86/darwin/libiw2d.a(Iw2DString.o)
[ 69] /Applications/Marmalade.app/Contents/modules/iw2d/lib/x86/darwin/libiw2d.a(Iw2DSurface.o)
[ 70] /Applications/Marmalade.app/Contents/modules/iwgx/lib/x86/darwin/libiwgx.a(IwGxDXTCompressionHandler.o)
[ 71] /Applications/Marmalade.app/Contents/modules/iwgx/lib/x86/darwin/libiwgx.a(IwGxATITCCompressionHandler.o)
[ 72] /Applications/Marmalade.app/Contents/modules/iwgx/lib/x86/darwin/libiwgx.a(IwGxContextShadowGL.o)
[ 73] /Applications/Marmalade.app/Contents/modules/iwgx/lib/x86/darwin/libiwgx.a(IwGxCubeMap.o)
[ 74] /Applications/Marmalade.app/Contents/modules/iwgx/lib/x86/darwin/libiwgx.a(IwGxDefaultFragmentShader.o)
[ 75] /Applications/Marmalade.app/Contents/modules/iwgx/lib/x86/darwin/libiwgx.a(IwGxDefaultVertexShader.o)
[ 76] /Applications/Marmalade.app/Contents/modules/iwgx/lib/x86/darwin/libiwgx.a(IwGxETC2CompressionHandler.o)
[ 77] /Applications/Marmalade.app/Contents/modules/iwgx/lib/x86/darwin/libiwgx.a(IwGxETCCompressionHandler.o)
[ 78] /Applications/Marmalade.app/Contents/modules/iwgx/lib/x86/darwin/libiwgx.a(IwGxGL2Shader.o)
[ 79] /Applications/Marmalade.app/Contents/modules/iwgx/lib/x86/darwin/libiwgx.a(IwGxGL2ShaderParam.o)
[ 80] /Applications/Marmalade.app/Contents/modules/iwgx/lib/x86/darwin/libiwgx.a(IwGxLightingGL.o)
[ 81] /Applications/Marmalade.app/Contents/modules/iwgx/lib/x86/darwin/libiwgx.a(IwGxPVRCompressionHandler.o)
[ 82] /Applications/Marmalade.app/Contents/modules/iwgx/lib/x86/darwin/libiwgx.a(IwGxRasterisationGL.o)
[ 83] /Applications/Marmalade.app/Contents/modules/iwgx/lib/x86/darwin/libiwgx.a(IwGxRasterisationGL2.o)
[ 84] /Applications/Marmalade.app/Contents/modules/iwgx/lib/x86/darwin/libiwgx.a(IwGxTextureGL.o)
[ 85] /Applications/Marmalade.app/Contents/modules/iwgx/lib/x86/darwin/libiwgx.a(IwGxCompressionHandler.o)
[ 86] /Applications/Marmalade.app/Contents/modules/iwgx/lib/x86/darwin/libiwgx.a(IwGxCompressionHandlerManager.o)
[ 87] /Applications/Marmalade.app/Contents/modules/iwgx/lib/x86/darwin/libiwgx.a(IwGxLightingHW.o)
[ 88] /Applications/Marmalade.app/Contents/modules/iwgx/lib/x86/darwin/libiwgx.a(IwGxRasterisationHW.o)
[ 89] /Applications/Marmalade.app/Contents/modules/iwgx/lib/x86/darwin/libiwgx.a(IwGxTransformHW.o)
[ 90] /Applications/Marmalade.app/Contents/modules/iwgx/lib/x86/darwin/libiwgx.a(IwAtlas.o)
[ 91] /Applications/Marmalade.app/Contents/modules/iwgx/lib/x86/darwin/libiwgx.a(IwGxCallbacks.o)
[ 92] /Applications/Marmalade.app/Contents/modules/iwgx/lib/x86/darwin/libiwgx.a(IwGxCol.o)
[ 93] /Applications/Marmalade.app/Contents/modules/iwgx/lib/x86/darwin/libiwgx.a(IwGxCursor.o)
[ 94] /Applications/Marmalade.app/Contents/modules/iwgx/lib/x86/darwin/libiwgx.a(IwGxDraw.o)
[ 95] /Applications/Marmalade.app/Contents/modules/iwgx/lib/x86/darwin/libiwgx.a(IwGxError.o)
[ 96] /Applications/Marmalade.app/Contents/modules/iwgx/lib/x86/darwin/libiwgx.a(IwGxFog.o)
[ 97] /Applications/Marmalade.app/Contents/modules/iwgx/lib/x86/darwin/libiwgx.a(IwGxFuncTable.o)
[ 98] /Applications/Marmalade.app/Contents/modules/iwgx/lib/x86/darwin/libiwgx.a(IwGxFuncs.o)
[ 99] /Applications/Marmalade.app/Contents/modules/iwgx/lib/x86/darwin/libiwgx.a(IwGxInit.o)
[100] /Applications/Marmalade.app/Contents/modules/iwgx/lib/x86/darwin/libiwgx.a(IwGxMaterial.o)
[101] /Applications/Marmalade.app/Contents/modules/iwgx/lib/x86/darwin/libiwgx.a(IwGxMetrics.o)
[102] /Applications/Marmalade.app/Contents/modules/iwgx/lib/x86/darwin/libiwgx.a(IwGxMipMapBuilder.o)
[103] /Applications/Marmalade.app/Contents/modules/iwgx/lib/x86/darwin/libiwgx.a(IwGxNorm.o)
[104] /Applications/Marmalade.app/Contents/modules/iwgx/lib/x86/darwin/libiwgx.a(IwGxPrint.o)
[105] /Applications/Marmalade.app/Contents/modules/iwgx/lib/x86/darwin/libiwgx.a(IwGxPrintFont.o)
[106] /Applications/Marmalade.app/Contents/modules/iwgx/lib/x86/darwin/libiwgx.a(IwGxResManagerCallbacks.o)
[107] /Applications/Marmalade.app/Contents/modules/iwgx/lib/x86/darwin/libiwgx.a(IwGxShaderTechnique.o)
[108] /Applications/Marmalade.app/Contents/modules/iwgx/lib/x86/darwin/libiwgx.a(IwGxState.o)
[109] /Applications/Marmalade.app/Contents/modules/iwgx/lib/x86/darwin/libiwgx.a(IwGxStream.o)
[110] /Applications/Marmalade.app/Contents/modules/iwgx/lib/x86/darwin/libiwgx.a(IwGxSurface.o)
[111] /Applications/Marmalade.app/Contents/modules/iwgx/lib/x86/darwin/libiwgx.a(IwGxTransform.o)
[112] /Applications/Marmalade.app/Contents/modules/iwgx/lib/x86/darwin/libiwgx.a(IwGxTransformFloat.o)
[113] /Applications/Marmalade.app/Contents/modules/iwgx/lib/x86/darwin/libiwgx.a(IwGxUV.o)
[114] /Applications/Marmalade.app/Contents/modules/iwgx/lib/x86/darwin/libiwgx.a(IwMatAnim.o)
[115] /Applications/Marmalade.app/Contents/modules/iwgx/lib/x86/darwin/libiwgx.a(IwMatGeomInfo.o)
[116] /Applications/Marmalade.app/Contents/modules/iwgx/lib/x86/darwin/libiwgx.a(IwMaterial.o)
[117] /Applications/Marmalade.app/Contents/modules/iwgx/lib/x86/darwin/libiwgx.a(IwTexture.o)
[118] /Applications/Marmalade.app/Contents/modules/iwgl/lib/x86/darwin/libiwgl.a(iwglstub_eglGetProcAddress.o)
[119] /Applications/Marmalade.app/Contents/modules/iwgl/lib/x86/darwin/libiwgl.a(iwglstub_glActiveTexture.o)
[120] /Applications/Marmalade.app/Contents/modules/iwgl/lib/x86/darwin/libiwgl.a(iwglstub_glAlphaFunc.o)
[121] /Applications/Marmalade.app/Contents/modules/iwgl/lib/x86/darwin/libiwgl.a(iwglstub_glAlphaFuncx.o)
[122] /Applications/Marmalade.app/Contents/modules/iwgl/lib/x86/darwin/libiwgl.a(iwglstub_glAttachShader.o)
[123] /Applications/Marmalade.app/Contents/modules/iwgl/lib/x86/darwin/libiwgl.a(iwglstub_glBindAttribLocation.o)
[124] /Applications/Marmalade.app/Contents/modules/iwgl/lib/x86/darwin/libiwgl.a(iwglstub_glBindBuffer.o)
[125] /Applications/Marmalade.app/Contents/modules/iwgl/lib/x86/darwin/libiwgl.a(iwglstub_glBindFramebuffer.o)
[126] /Applications/Marmalade.app/Contents/modules/iwgl/lib/x86/darwin/libiwgl.a(iwglstub_glBindRenderbuffer.o)
[127] /Applications/Marmalade.app/Contents/modules/iwgl/lib/x86/darwin/libiwgl.a(iwglstub_glBindSampler.o)
[128] /Applications/Marmalade.app/Contents/modules/iwgl/lib/x86/darwin/libiwgl.a(iwglstub_glBindTexture.o)
[129] /Applications/Marmalade.app/Contents/modules/iwgl/lib/x86/darwin/libiwgl.a(iwglstub_glBlendColor.o)
[130] /Applications/Marmalade.app/Contents/modules/iwgl/lib/x86/darwin/libiwgl.a(iwglstub_glBlendEquationSeparate.o)
[131] /Applications/Marmalade.app/Contents/modules/iwgl/lib/x86/darwin/libiwgl.a(iwglstub_glBlendFunc.o)
[132] /Applications/Marmalade.app/Contents/modules/iwgl/lib/x86/darwin/libiwgl.a(iwglstub_glBlendFuncSeparate.o)
[133] /Applications/Marmalade.app/Contents/modules/iwgl/lib/x86/darwin/libiwgl.a(iwglstub_glCheckFramebufferStatus.o)
[134] /Applications/Marmalade.app/Contents/modules/iwgl/lib/x86/darwin/libiwgl.a(iwglstub_glClear.o)
[135] /Applications/Marmalade.app/Contents/modules/iwgl/lib/x86/darwin/libiwgl.a(iwglstub_glClearColor.o)
[136] /Applications/Marmalade.app/Contents/modules/iwgl/lib/x86/darwin/libiwgl.a(iwglstub_glClearColorx.o)
[137] /Applications/Marmalade.app/Contents/modules/iwgl/lib/x86/darwin/libiwgl.a(iwglstub_glClearDepthf.o)
[138] /Applications/Marmalade.app/Contents/modules/iwgl/lib/x86/darwin/libiwgl.a(iwglstub_glClearDepthx.o)
[139] /Applications/Marmalade.app/Contents/modules/iwgl/lib/x86/darwin/libiwgl.a(iwglstub_glClearStencil.o)
[140] /Applications/Marmalade.app/Contents/modules/iwgl/lib/x86/darwin/libiwgl.a(iwglstub_glClientActiveTexture.o)
[141] /Applications/Marmalade.app/Contents/modules/iwgl/lib/x86/darwin/libiwgl.a(iwglstub_glClipPlanef.o)
[142] /Applications/Marmalade.app/Contents/modules/iwgl/lib/x86/darwin/libiwgl.a(iwglstub_glClipPlanex.o)
[143] /Applications/Marmalade.app/Contents/modules/iwgl/lib/x86/darwin/libiwgl.a(iwglstub_glColor4f.o)
[144] /Applications/Marmalade.app/Contents/modules/iwgl/lib/x86/darwin/libiwgl.a(iwglstub_glColor4x.o)
[145] /Applications/Marmalade.app/Contents/modules/iwgl/lib/x86/darwin/libiwgl.a(iwglstub_glColorMask.o)
[146] /Applications/Marmalade.app/Contents/modules/iwgl/lib/x86/darwin/libiwgl.a(iwglstub_glColorPointer.o)
[147] /Applications/Marmalade.app/Contents/modules/iwgl/lib/x86/darwin/libiwgl.a(iwglstub_glCompileShader.o)
[148] /Applications/Marmalade.app/Contents/modules/iwgl/lib/x86/darwin/libiwgl.a(iwglstub_glCompressedTexImage2D.o)
[149] /Applications/Marmalade.app/Contents/modules/iwgl/lib/x86/darwin/libiwgl.a(iwglstub_glCompressedTexImage3D.o)
[150] /Applications/Marmalade.app/Contents/modules/iwgl/lib/x86/darwin/libiwgl.a(iwglstub_glCreateProgram.o)
[151] /Applications/Marmalade.app/Contents/modules/iwgl/lib/x86/darwin/libiwgl.a(iwglstub_glCreateShader.o)
[152] /Applications/Marmalade.app/Contents/modules/iwgl/lib/x86/darwin/libiwgl.a(iwglstub_glCullFace.o)
[153] /Applications/Marmalade.app/Contents/modules/iwgl/lib/x86/darwin/libiwgl.a(iwglstub_glDeleteFramebuffers.o)
[154] /Applications/Marmalade.app/Contents/modules/iwgl/lib/x86/darwin/libiwgl.a(iwglstub_glDeleteProgram.o)
[155] /Applications/Marmalade.app/Contents/modules/iwgl/lib/x86/darwin/libiwgl.a(iwglstub_glDeleteRenderbuffers.o)
[156] /Applications/Marmalade.app/Contents/modules/iwgl/lib/x86/darwin/libiwgl.a(iwglstub_glDeleteShader.o)
[157] /Applications/Marmalade.app/Contents/modules/iwgl/lib/x86/darwin/libiwgl.a(iwglstub_glDeleteTextures.o)
[158] /Applications/Marmalade.app/Contents/modules/iwgl/lib/x86/darwin/libiwgl.a(iwglstub_glDepthFunc.o)
[159] /Applications/Marmalade.app/Contents/modules/iwgl/lib/x86/darwin/libiwgl.a(iwglstub_glDepthMask.o)
[160] /Applications/Marmalade.app/Contents/modules/iwgl/lib/x86/darwin/libiwgl.a(iwglstub_glDepthRangef.o)
[161] /Applications/Marmalade.app/Contents/modules/iwgl/lib/x86/darwin/libiwgl.a(iwglstub_glDepthRangex.o)
[162] /Applications/Marmalade.app/Contents/modules/iwgl/lib/x86/darwin/libiwgl.a(iwglstub_glDetachShader.o)
[163] /Applications/Marmalade.app/Contents/modules/iwgl/lib/x86/darwin/libiwgl.a(iwglstub_glDisable.o)
[164] /Applications/Marmalade.app/Contents/modules/iwgl/lib/x86/darwin/libiwgl.a(iwglstub_glDisableClientState.o)
[165] /Applications/Marmalade.app/Contents/modules/iwgl/lib/x86/darwin/libiwgl.a(iwglstub_glDisableVertexAttribArray.o)
[166] /Applications/Marmalade.app/Contents/modules/iwgl/lib/x86/darwin/libiwgl.a(iwglstub_glDrawArrays.o)
[167] /Applications/Marmalade.app/Contents/modules/iwgl/lib/x86/darwin/libiwgl.a(iwglstub_glDrawElements.o)
[168] /Applications/Marmalade.app/Contents/modules/iwgl/lib/x86/darwin/libiwgl.a(iwglstub_glEnable.o)
[169] /Applications/Marmalade.app/Contents/modules/iwgl/lib/x86/darwin/libiwgl.a(iwglstub_glEnableClientState.o)
[170] /Applications/Marmalade.app/Contents/modules/iwgl/lib/x86/darwin/libiwgl.a(iwglstub_glEnableVertexAttribArray.o)
[171] /Applications/Marmalade.app/Contents/modules/iwgl/lib/x86/darwin/libiwgl.a(iwglstub_glFogf.o)
[172] /Applications/Marmalade.app/Contents/modules/iwgl/lib/x86/darwin/libiwgl.a(iwglstub_glFogfv.o)
[173] /Applications/Marmalade.app/Contents/modules/iwgl/lib/x86/darwin/libiwgl.a(iwglstub_glFogx.o)
[174] /Applications/Marmalade.app/Contents/modules/iwgl/lib/x86/darwin/libiwgl.a(iwglstub_glFogxv.o)
[175] /Applications/Marmalade.app/Contents/modules/iwgl/lib/x86/darwin/libiwgl.a(iwglstub_glFramebufferRenderbuffer.o)
[176] /Applications/Marmalade.app/Contents/modules/iwgl/lib/x86/darwin/libiwgl.a(iwglstub_glFramebufferTexture2D.o)
[177] /Applications/Marmalade.app/Contents/modules/iwgl/lib/x86/darwin/libiwgl.a(iwglstub_glFrontFace.o)
[178] /Applications/Marmalade.app/Contents/modules/iwgl/lib/x86/darwin/libiwgl.a(iwglstub_glFrustumf.o)
[179] /Applications/Marmalade.app/Contents/modules/iwgl/lib/x86/darwin/libiwgl.a(iwglstub_glGenFramebuffers.o)
[180] /Applications/Marmalade.app/Contents/modules/iwgl/lib/x86/darwin/libiwgl.a(iwglstub_glGenRenderbuffers.o)
[181] /Applications/Marmalade.app/Contents/modules/iwgl/lib/x86/darwin/libiwgl.a(iwglstub_glGenTextures.o)
[182] /Applications/Marmalade.app/Contents/modules/iwgl/lib/x86/darwin/libiwgl.a(iwglstub_glGenerateMipmap.o)
[183] /Applications/Marmalade.app/Contents/modules/iwgl/lib/x86/darwin/libiwgl.a(iwglstub_glGetAttribLocation.o)
[184] /Applications/Marmalade.app/Contents/modules/iwgl/lib/x86/darwin/libiwgl.a(iwglstub_glGetBooleanv.o)
[185] /Applications/Marmalade.app/Contents/modules/iwgl/lib/x86/darwin/libiwgl.a(iwglstub_glGetError.o)
[186] /Applications/Marmalade.app/Contents/modules/iwgl/lib/x86/darwin/libiwgl.a(iwglstub_glGetFloatv.o)
[187] /Applications/Marmalade.app/Contents/modules/iwgl/lib/x86/darwin/libiwgl.a(iwglstub_glGetFramebufferAttachmentParameteriv.o)
[188] /Applications/Marmalade.app/Contents/modules/iwgl/lib/x86/darwin/libiwgl.a(iwglstub_glGetIntegerv.o)
[189] /Applications/Marmalade.app/Contents/modules/iwgl/lib/x86/darwin/libiwgl.a(iwglstub_glGetProgramInfoLog.o)
[190] /Applications/Marmalade.app/Contents/modules/iwgl/lib/x86/darwin/libiwgl.a(iwglstub_glGetProgramiv.o)
[191] /Applications/Marmalade.app/Contents/modules/iwgl/lib/x86/darwin/libiwgl.a(iwglstub_glGetRenderbufferParameteriv.o)
[192] /Applications/Marmalade.app/Contents/modules/iwgl/lib/x86/darwin/libiwgl.a(iwglstub_glGetShaderInfoLog.o)
[193] /Applications/Marmalade.app/Contents/modules/iwgl/lib/x86/darwin/libiwgl.a(iwglstub_glGetShaderiv.o)
[194] /Applications/Marmalade.app/Contents/modules/iwgl/lib/x86/darwin/libiwgl.a(iwglstub_glGetString.o)
[195] /Applications/Marmalade.app/Contents/modules/iwgl/lib/x86/darwin/libiwgl.a(iwglstub_glGetUniformLocation.o)
[196] /Applications/Marmalade.app/Contents/modules/iwgl/lib/x86/darwin/libiwgl.a(iwglstub_glHint.o)
[197] /Applications/Marmalade.app/Contents/modules/iwgl/lib/x86/darwin/libiwgl.a(iwglstub_glIsFramebuffer.o)
[198] /Applications/Marmalade.app/Contents/modules/iwgl/lib/x86/darwin/libiwgl.a(iwglstub_glIsRenderbuffer.o)
[199] /Applications/Marmalade.app/Contents/modules/iwgl/lib/x86/darwin/libiwgl.a(iwglstub_glLightModelf.o)
[200] /Applications/Marmalade.app/Contents/modules/iwgl/lib/x86/darwin/libiwgl.a(iwglstub_glLightModelfv.o)
[201] /Applications/Marmalade.app/Contents/modules/iwgl/lib/x86/darwin/libiwgl.a(iwglstub_glLightModelx.o)
[202] /Applications/Marmalade.app/Contents/modules/iwgl/lib/x86/darwin/libiwgl.a(iwglstub_glLightModelxv.o)
[203] /Applications/Marmalade.app/Contents/modules/iwgl/lib/x86/darwin/libiwgl.a(iwglstub_glLightf.o)
[204] /Applications/Marmalade.app/Contents/modules/iwgl/lib/x86/darwin/libiwgl.a(iwglstub_glLightfv.o)
[205] /Applications/Marmalade.app/Contents/modules/iwgl/lib/x86/darwin/libiwgl.a(iwglstub_glLightx.o)
[206] /Applications/Marmalade.app/Contents/modules/iwgl/lib/x86/darwin/libiwgl.a(iwglstub_glLightxv.o)
[207] /Applications/Marmalade.app/Contents/modules/iwgl/lib/x86/darwin/libiwgl.a(iwglstub_glLineWidth.o)
[208] /Applications/Marmalade.app/Contents/modules/iwgl/lib/x86/darwin/libiwgl.a(iwglstub_glLineWidthx.o)
[209] /Applications/Marmalade.app/Contents/modules/iwgl/lib/x86/darwin/libiwgl.a(iwglstub_glLinkProgram.o)
[210] /Applications/Marmalade.app/Contents/modules/iwgl/lib/x86/darwin/libiwgl.a(iwglstub_glLoadIdentity.o)
[211] /Applications/Marmalade.app/Contents/modules/iwgl/lib/x86/darwin/libiwgl.a(iwglstub_glLoadMatrixf.o)
[212] /Applications/Marmalade.app/Contents/modules/iwgl/lib/x86/darwin/libiwgl.a(iwglstub_glLoadMatrixx.o)
[213] /Applications/Marmalade.app/Contents/modules/iwgl/lib/x86/darwin/libiwgl.a(iwglstub_glLogicOp.o)
[214] /Applications/Marmalade.app/Contents/modules/iwgl/lib/x86/darwin/libiwgl.a(iwglstub_glMaterialf.o)
[215] /Applications/Marmalade.app/Contents/modules/iwgl/lib/x86/darwin/libiwgl.a(iwglstub_glMaterialfv.o)
[216] /Applications/Marmalade.app/Contents/modules/iwgl/lib/x86/darwin/libiwgl.a(iwglstub_glMaterialx.o)
[217] /Applications/Marmalade.app/Contents/modules/iwgl/lib/x86/darwin/libiwgl.a(iwglstub_glMaterialxv.o)
[218] /Applications/Marmalade.app/Contents/modules/iwgl/lib/x86/darwin/libiwgl.a(iwglstub_glMatrixMode.o)
[219] /Applications/Marmalade.app/Contents/modules/iwgl/lib/x86/darwin/libiwgl.a(iwglstub_glMultMatrixf.o)
[220] /Applications/Marmalade.app/Contents/modules/iwgl/lib/x86/darwin/libiwgl.a(iwglstub_glMultMatrixx.o)
[221] /Applications/Marmalade.app/Contents/modules/iwgl/lib/x86/darwin/libiwgl.a(iwglstub_glMultiTexCoord4f.o)
[222] /Applications/Marmalade.app/Contents/modules/iwgl/lib/x86/darwin/libiwgl.a(iwglstub_glMultiTexCoord4x.o)
[223] /Applications/Marmalade.app/Contents/modules/iwgl/lib/x86/darwin/libiwgl.a(iwglstub_glNormal3f.o)
[224] /Applications/Marmalade.app/Contents/modules/iwgl/lib/x86/darwin/libiwgl.a(iwglstub_glNormal3x.o)
[225] /Applications/Marmalade.app/Contents/modules/iwgl/lib/x86/darwin/libiwgl.a(iwglstub_glNormalPointer.o)
[226] /Applications/Marmalade.app/Contents/modules/iwgl/lib/x86/darwin/libiwgl.a(iwglstub_glOrthox.o)
[227] /Applications/Marmalade.app/Contents/modules/iwgl/lib/x86/darwin/libiwgl.a(iwglstub_glPixelStorei.o)
[228] /Applications/Marmalade.app/Contents/modules/iwgl/lib/x86/darwin/libiwgl.a(iwglstub_glPolygonOffset.o)
[229] /Applications/Marmalade.app/Contents/modules/iwgl/lib/x86/darwin/libiwgl.a(iwglstub_glPolygonOffsetx.o)
[230] /Applications/Marmalade.app/Contents/modules/iwgl/lib/x86/darwin/libiwgl.a(iwglstub_glReadPixels.o)
[231] /Applications/Marmalade.app/Contents/modules/iwgl/lib/x86/darwin/libiwgl.a(iwglstub_glRenderbufferStorage.o)
[232] /Applications/Marmalade.app/Contents/modules/iwgl/lib/x86/darwin/libiwgl.a(iwglstub_glRotatef.o)
[233] /Applications/Marmalade.app/Contents/modules/iwgl/lib/x86/darwin/libiwgl.a(iwglstub_glRotatex.o)
[234] /Applications/Marmalade.app/Contents/modules/iwgl/lib/x86/darwin/libiwgl.a(iwglstub_glScalef.o)
[235] /Applications/Marmalade.app/Contents/modules/iwgl/lib/x86/darwin/libiwgl.a(iwglstub_glScalex.o)
[236] /Applications/Marmalade.app/Contents/modules/iwgl/lib/x86/darwin/libiwgl.a(iwglstub_glScissor.o)
[237] /Applications/Marmalade.app/Contents/modules/iwgl/lib/x86/darwin/libiwgl.a(iwglstub_glShadeModel.o)
[238] /Applications/Marmalade.app/Contents/modules/iwgl/lib/x86/darwin/libiwgl.a(iwglstub_glShaderBinary.o)
[239] /Applications/Marmalade.app/Contents/modules/iwgl/lib/x86/darwin/libiwgl.a(iwglstub_glShaderSource.o)
[240] /Applications/Marmalade.app/Contents/modules/iwgl/lib/x86/darwin/libiwgl.a(iwglstub_glStencilFunc.o)
[241] /Applications/Marmalade.app/Contents/modules/iwgl/lib/x86/darwin/libiwgl.a(iwglstub_glStencilFuncSeparate.o)
[242] /Applications/Marmalade.app/Contents/modules/iwgl/lib/x86/darwin/libiwgl.a(iwglstub_glStencilMask.o)
[243] /Applications/Marmalade.app/Contents/modules/iwgl/lib/x86/darwin/libiwgl.a(iwglstub_glStencilMaskSeparate.o)
[244] /Applications/Marmalade.app/Contents/modules/iwgl/lib/x86/darwin/libiwgl.a(iwglstub_glStencilOp.o)
[245] /Applications/Marmalade.app/Contents/modules/iwgl/lib/x86/darwin/libiwgl.a(iwglstub_glStencilOpSeparate.o)
[246] /Applications/Marmalade.app/Contents/modules/iwgl/lib/x86/darwin/libiwgl.a(iwglstub_glTexCoordPointer.o)
[247] /Applications/Marmalade.app/Contents/modules/iwgl/lib/x86/darwin/libiwgl.a(iwglstub_glTexEnvf.o)
[248] /Applications/Marmalade.app/Contents/modules/iwgl/lib/x86/darwin/libiwgl.a(iwglstub_glTexEnvfv.o)
[249] /Applications/Marmalade.app/Contents/modules/iwgl/lib/x86/darwin/libiwgl.a(iwglstub_glTexEnvi.o)
[250] /Applications/Marmalade.app/Contents/modules/iwgl/lib/x86/darwin/libiwgl.a(iwglstub_glTexEnvx.o)
[251] /Applications/Marmalade.app/Contents/modules/iwgl/lib/x86/darwin/libiwgl.a(iwglstub_glTexEnvxv.o)
[252] /Applications/Marmalade.app/Contents/modules/iwgl/lib/x86/darwin/libiwgl.a(iwglstub_glTexImage2D.o)
[253] /Applications/Marmalade.app/Contents/modules/iwgl/lib/x86/darwin/libiwgl.a(iwglstub_glTexImage3D.o)
[254] /Applications/Marmalade.app/Contents/modules/iwgl/lib/x86/darwin/libiwgl.a(iwglstub_glTexParameterf.o)
[255] /Applications/Marmalade.app/Contents/modules/iwgl/lib/x86/darwin/libiwgl.a(iwglstub_glTexParameteri.o)
[256] /Applications/Marmalade.app/Contents/modules/iwgl/lib/x86/darwin/libiwgl.a(iwglstub_glTexParameterx.o)
[257] /Applications/Marmalade.app/Contents/modules/iwgl/lib/x86/darwin/libiwgl.a(iwglstub_glTexSubImage2D.o)
[258] /Applications/Marmalade.app/Contents/modules/iwgl/lib/x86/darwin/libiwgl.a(iwglstub_glTranslatef.o)
[259] /Applications/Marmalade.app/Contents/modules/iwgl/lib/x86/darwin/libiwgl.a(iwglstub_glTranslatex.o)
[260] /Applications/Marmalade.app/Contents/modules/iwgl/lib/x86/darwin/libiwgl.a(iwglstub_glUniform1f.o)
[261] /Applications/Marmalade.app/Contents/modules/iwgl/lib/x86/darwin/libiwgl.a(iwglstub_glUniform1fv.o)
[262] /Applications/Marmalade.app/Contents/modules/iwgl/lib/x86/darwin/libiwgl.a(iwglstub_glUniform1i.o)
[263] /Applications/Marmalade.app/Contents/modules/iwgl/lib/x86/darwin/libiwgl.a(iwglstub_glUniform1iv.o)
[264] /Applications/Marmalade.app/Contents/modules/iwgl/lib/x86/darwin/libiwgl.a(iwglstub_glUniform2fv.o)
[265] /Applications/Marmalade.app/Contents/modules/iwgl/lib/x86/darwin/libiwgl.a(iwglstub_glUniform2iv.o)
[266] /Applications/Marmalade.app/Contents/modules/iwgl/lib/x86/darwin/libiwgl.a(iwglstub_glUniform3fv.o)
[267] /Applications/Marmalade.app/Contents/modules/iwgl/lib/x86/darwin/libiwgl.a(iwglstub_glUniform3iv.o)
[268] /Applications/Marmalade.app/Contents/modules/iwgl/lib/x86/darwin/libiwgl.a(iwglstub_glUniform4f.o)
[269] /Applications/Marmalade.app/Contents/modules/iwgl/lib/x86/darwin/libiwgl.a(iwglstub_glUniform4fv.o)
[270] /Applications/Marmalade.app/Contents/modules/iwgl/lib/x86/darwin/libiwgl.a(iwglstub_glUniform4iv.o)
[271] /Applications/Marmalade.app/Contents/modules/iwgl/lib/x86/darwin/libiwgl.a(iwglstub_glUniformMatrix2fv.o)
[272] /Applications/Marmalade.app/Contents/modules/iwgl/lib/x86/darwin/libiwgl.a(iwglstub_glUniformMatrix3fv.o)
[273] /Applications/Marmalade.app/Contents/modules/iwgl/lib/x86/darwin/libiwgl.a(iwglstub_glUniformMatrix4fv.o)
[274] /Applications/Marmalade.app/Contents/modules/iwgl/lib/x86/darwin/libiwgl.a(iwglstub_glUseProgram.o)
[275] /Applications/Marmalade.app/Contents/modules/iwgl/lib/x86/darwin/libiwgl.a(iwglstub_glVertexAttribIPointer.o)
[276] /Applications/Marmalade.app/Contents/modules/iwgl/lib/x86/darwin/libiwgl.a(iwglstub_glVertexAttribPointer.o)
[277] /Applications/Marmalade.app/Contents/modules/iwgl/lib/x86/darwin/libiwgl.a(iwglstub_glVertexPointer.o)
[278] /Applications/Marmalade.app/Contents/modules/iwgl/lib/x86/darwin/libiwgl.a(iwglstub_glViewport.o)
[279] /Applications/Marmalade.app/Contents/modules/iwgl/lib/x86/darwin/libiwgl.a(IwEGLHelper.o)
[280] /Applications/Marmalade.app/Contents/modules/iwgl/lib/x86/darwin/libiwgl.a(IwGL.o)
[281] /Applications/Marmalade.app/Contents/modules/iwgl/lib/x86/darwin/libiwgl.a(IwGLDrawRect.o)
[282] /Applications/Marmalade.app/Contents/modules/iwgl/lib/x86/darwin/libiwgl.a(IwGLEGL.o)
[283] /Applications/Marmalade.app/Contents/modules/iwgl/lib/x86/darwin/libiwgl.a(IwGLExt.o)
[284] /Applications/Marmalade.app/Contents/modules/iwgl/lib/x86/darwin/libiwgl.a(IwGLFBOCache.o)
[285] /Applications/Marmalade.app/Contents/modules/iwgl/lib/x86/darwin/libiwgl.a(IwGLFBOObj.o)
[286] /Applications/Marmalade.app/Contents/modules/iwgl/lib/x86/darwin/libiwgl.a(IwGLFeedbackObj.o)
[287] /Applications/Marmalade.app/Contents/modules/iwgl/lib/x86/darwin/libiwgl.a(IwGLGet.o)
[288] /Applications/Marmalade.app/Contents/modules/iwgl/lib/x86/darwin/libiwgl.a(IwGLQueryObj.o)
[289] /Applications/Marmalade.app/Contents/modules/iwgl/lib/x86/darwin/libiwgl.a(IwGLSamplerObj.o)
[290] /Applications/Marmalade.app/Contents/modules/iwgl/lib/x86/darwin/libiwgl.a(IwGLShaderCache.o)
[291] /Applications/Marmalade.app/Contents/modules/iwgl/lib/x86/darwin/libiwgl.a(IwGLShaderObj.o)
[292] /Applications/Marmalade.app/Contents/modules/iwgl/lib/x86/darwin/libiwgl.a(IwGLStateCache.o)
[293] /Applications/Marmalade.app/Contents/modules/iwgl/lib/x86/darwin/libiwgl.a(IwGLTexCache.o)
[294] /Applications/Marmalade.app/Contents/modules/iwgl/lib/x86/darwin/libiwgl.a(IwGLTexObj.o)
[295] /Applications/Marmalade.app/Contents/modules/iwgl/lib/x86/darwin/libiwgl.a(IwGLVAOObj.o)
[296] /Applications/Marmalade.app/Contents/modules/iwgl/lib/x86/darwin/libiwgl.a(IwGLVBOCache.o)
[297] /Applications/Marmalade.app/Contents/modules/iwgl/lib/x86/darwin/libiwgl.a(IwGLVBOObj.o)
[298] /Applications/Marmalade.app/Contents/modules/iwgl/lib/x86/darwin/libiwgl.a(IwGLVirtualRes.o)
[299] /Applications/Marmalade.app/Contents/modules/iwgl/lib/x86/darwin/libiwgl.a(IwGLWrappers.o)
[300] /Applications/Marmalade.app/Contents/modules/iwgeom/lib/x86/darwin/libiwgeom.a(IwGeomCore.o)
[301] /Applications/Marmalade.app/Contents/modules/iwgeom/lib/x86/darwin/libiwgeom.a(IwGeomFMat.o)
[302] /Applications/Marmalade.app/Contents/modules/iwgeom/lib/x86/darwin/libiwgeom.a(IwGeomFMat2D.o)
[303] /Applications/Marmalade.app/Contents/modules/iwgeom/lib/x86/darwin/libiwgeom.a(IwGeomFQuat.o)
[304] /Applications/Marmalade.app/Contents/modules/iwgeom/lib/x86/darwin/libiwgeom.a(IwGeomFVec2.o)
[305] /Applications/Marmalade.app/Contents/modules/iwgeom/lib/x86/darwin/libiwgeom.a(IwGeomFVec3.o)
[306] /Applications/Marmalade.app/Contents/modules/iwgeom/lib/x86/darwin/libiwgeom.a(IwGeomFVec4.o)
[307] /Applications/Marmalade.app/Contents/modules/iwgeom/lib/x86/darwin/libiwgeom.a(IwGeomMat.o)
[308] /Applications/Marmalade.app/Contents/modules/iwgeom/lib/x86/darwin/libiwgeom.a(IwGeomMat2D.o)
[309] /Applications/Marmalade.app/Contents/modules/iwgeom/lib/x86/darwin/libiwgeom.a(IwGeomPlane.o)
[310] /Applications/Marmalade.app/Contents/modules/iwgeom/lib/x86/darwin/libiwgeom.a(IwGeomQuat.o)
[311] /Applications/Marmalade.app/Contents/modules/iwgeom/lib/x86/darwin/libiwgeom.a(IwGeomSQuat.o)
[312] /Applications/Marmalade.app/Contents/modules/iwgeom/lib/x86/darwin/libiwgeom.a(IwGeomSVec2.o)
[313] /Applications/Marmalade.app/Contents/modules/iwgeom/lib/x86/darwin/libiwgeom.a(IwGeomSVec3.o)
[314] /Applications/Marmalade.app/Contents/modules/iwgeom/lib/x86/darwin/libiwgeom.a(IwGeomSVec4.o)
[315] /Applications/Marmalade.app/Contents/modules/iwgeom/lib/x86/darwin/libiwgeom.a(IwGeomSqrt.o)
[316] /Applications/Marmalade.app/Contents/modules/iwgeom/lib/x86/darwin/libiwgeom.a(IwGeomVec2.o)
[317] /Applications/Marmalade.app/Contents/modules/iwgeom/lib/x86/darwin/libiwgeom.a(IwGeomVec3.o)
[318] /Applications/Marmalade.app/Contents/modules/iwgeom/lib/x86/darwin/libiwgeom.a(IwGeomVec4.o)
[319] /Applications/Marmalade.app/Contents/modules/iwresmanager/lib/x86/darwin/libiwresmanager.a(IwResGroup.o)
[320] /Applications/Marmalade.app/Contents/modules/iwresmanager/lib/x86/darwin/libiwresmanager.a(IwResManager.o)
[321] /Applications/Marmalade.app/Contents/modules/iwresmanager/lib/x86/darwin/libiwresmanager.a(IwResSerialise.o)
[322] /Applications/Marmalade.app/Contents/modules/iwgxfont/lib/x86/darwin/libiwgxfont.a(IwGxFont.o)
[323] /Applications/Marmalade.app/Contents/modules/iwgxfont/lib/x86/darwin/libiwgxfont.a(IwGxFontCharMap.o)
[324] /Applications/Marmalade.app/Contents/modules/iwgxfont/lib/x86/darwin/libiwgxfont.a(IwGxFontContainer.o)
[325] /Applications/Marmalade.app/Contents/modules/iwgxfont/lib/x86/darwin/libiwgxfont.a(IwGxFontGlyph.o)
[326] /Applications/Marmalade.app/Contents/modules/iwgxfont/lib/x86/darwin/libiwgxfont.a(IwGxFontGlyphCache.o)
[327] /Applications/Marmalade.app/Contents/modules/iwgxfont/lib/x86/darwin/libiwgxfont.a(IwGxFontLoad.o)
[328] /Applications/Marmalade.app/Contents/modules/iwgxfont/lib/x86/darwin/libiwgxfont.a(IwGxFontPreparedData.o)
[329] /Applications/Marmalade.app/Contents/modules/iwgxfont/lib/x86/darwin/libiwgxfont.a(IwGxFontRenderer.o)
[330] /Applications/Marmalade.app/Contents/modules/iwgxfont/lib/x86/darwin/libiwgxfont.a(IwGxFontState.o)
[331] /Applications/Marmalade.app/Contents/modules/iwgxfont/lib/x86/darwin/libiwgxfont.a(IwGxFontTTFont.o)
[332] /Applications/Marmalade.app/Contents/s3e/lib/x86/darwin/libs3e_cpp.a(codecvt.o)
[333] /Applications/Marmalade.app/Contents/s3e/lib/x86/darwin/libs3e_cpp.a(collate.o)
[334] /Applications/Marmalade.app/Contents/s3e/lib/x86/darwin/libs3e_cpp.a(ctype.o)
[335] /Applications/Marmalade.app/Contents/s3e/lib/x86/darwin/libs3e_cpp.a(dll_main.o)
[336] /Applications/Marmalade.app/Contents/s3e/lib/x86/darwin/libs3e_cpp.a(fstream.o)
[337] /Applications/Marmalade.app/Contents/s3e/lib/x86/darwin/libs3e_cpp.a(ios.o)
[338] /Applications/Marmalade.app/Contents/s3e/lib/x86/darwin/libs3e_cpp.a(iostream.o)
[339] /Applications/Marmalade.app/Contents/s3e/lib/x86/darwin/libs3e_cpp.a(locale_impl.o)
[340] /Applications/Marmalade.app/Contents/s3e/lib/x86/darwin/libs3e_cpp.a(messages.o)
[341] /Applications/Marmalade.app/Contents/s3e/lib/x86/darwin/libs3e_cpp.a(monetary.o)
[342] /Applications/Marmalade.app/Contents/s3e/lib/x86/darwin/libs3e_cpp.a(num_get.o)
[343] /Applications/Marmalade.app/Contents/s3e/lib/x86/darwin/libs3e_cpp.a(num_get_float.o)
[344] /Applications/Marmalade.app/Contents/s3e/lib/x86/darwin/libs3e_cpp.a(num_put.o)
[345] /Applications/Marmalade.app/Contents/s3e/lib/x86/darwin/libs3e_cpp.a(num_put_float.o)
[346] /Applications/Marmalade.app/Contents/s3e/lib/x86/darwin/libs3e_cpp.a(numpunct.o)
[347] /Applications/Marmalade.app/Contents/s3e/lib/x86/darwin/libs3e_cpp.a(stdio_streambuf.o)
[348] /Applications/Marmalade.app/Contents/s3e/lib/x86/darwin/libs3e_cpp.a(time_facets.o)
[349] /Applications/Marmalade.app/Contents/s3e/lib/x86/darwin/libs3e_cpp.a(array_delete.o)
[350] /Applications/Marmalade.app/Contents/s3e/lib/x86/darwin/libs3e_cpp.a(array_new.o)
[351] /Applications/Marmalade.app/Contents/s3e/lib/x86/darwin/libs3e_cpp.a(delete.o)
[352] /Applications/Marmalade.app/Contents/s3e/lib/x86/darwin/libs3e_cpp.a(new.o)
[353] /Applications/Marmalade.app/Contents/s3e/lib/x86/darwin/libs3e.a(iwcrt_common.o)
[354] /Applications/Marmalade.app/Contents/s3e/lib/x86/darwin/libs3e.a(iwmain.o)
[355] /Applications/Marmalade.app/Contents/s3e/lib/x86/darwin/libs3e.a(malloc.o)
[356] /Applications/Marmalade.app/Contents/s3e/lib/x86/darwin/libs3e.a(pthread_mutex.o)
[357] /Applications/Marmalade.app/Contents/s3e/lib/x86/darwin/libs3e.a(pthread_tls.o)
[358] /Applications/Marmalade.app/Contents/s3e/lib/x86/darwin/libs3e.a(pthreads.o)
[359] /Applications/Marmalade.app/Contents/s3e/lib/x86/darwin/libs3e.a(signal.o)
[360] /Applications/Marmalade.app/Contents/s3e/lib/x86/darwin/libs3e.a(sockets.o)
[361] /Applications/Marmalade.app/Contents/s3e/lib/x86/darwin/libs3e.a(stdlib.o)
[362] /Applications/Marmalade.app/Contents/s3e/lib/x86/darwin/libs3e.a(stdout.o)
[363] /Applications/Marmalade.app/Contents/s3e/lib/x86/darwin/libs3e.a(string.o)
[364] /Applications/Marmalade.app/Contents/s3e/lib/x86/darwin/libs3e.a(time.o)
[365] /Applications/Marmalade.app/Contents/s3e/lib/x86/darwin/libs3e.a(s3eMalloc_eapi.o)
[366] /Applications/Marmalade.app/Contents/s3e/lib/x86/darwin/libs3e.a(s3eMemory_eapi.o)
[367] /Applications/Marmalade.app/Contents/s3e/lib/x86/darwin/libs3e.a(IwAllocator.o)
[368] /Applications/Marmalade.app/Contents/s3e/lib/x86/darwin/libs3e.a(IwDebug.o)
[369] /Applications/Marmalade.app/Contents/s3e/lib/x86/darwin/libs3e.a(IwPath.o)
[370] /Applications/Marmalade.app/Contents/s3e/lib/x86/darwin/libs3e.a(s3eOSExec_interface.o)
[371] /Applications/Marmalade.app/Contents/s3e/lib/x86/darwin/libs3e.a(s3eThread_interface.o)
[372] /Applications/Marmalade.app/Contents/s3e/lib/x86/darwin/libs3e.a(iwcrt_gcc_init.o)
[373] /Applications/Marmalade.app/Contents/s3e/lib/x86/darwin/libs3e.a(newlib_impl.o)
[374] /Applications/Marmalade.app/Contents/s3e/lib/x86/darwin/libs3e.a(iwcrt_api_bind.o)
[375] /Applications/Marmalade.app/Contents/s3e/lib/x86/darwin/libs3e.a(iwcrt_gcc_x86.o)
[376] /Applications/Marmalade.app/Contents/s3e/lib/x86/darwin/libs3e.a(iwcrt_osx.o)
[377] /Applications/Marmalade.app/Contents/s3e/lib/x86/darwin/libs3e_api_iwgl.a(__eglGetProcAddress.o)
[378] /Applications/Marmalade.app/Contents/s3e/lib/x86/darwin/libs3e_api_iwgl.a(__glActiveTexture.o)
[379] /Applications/Marmalade.app/Contents/s3e/lib/x86/darwin/libs3e_api_iwgl.a(__glAlphaFunc.o)
[380] /Applications/Marmalade.app/Contents/s3e/lib/x86/darwin/libs3e_api_iwgl.a(__glAlphaFuncx.o)
[381] /Applications/Marmalade.app/Contents/s3e/lib/x86/darwin/libs3e_api_iwgl.a(__glAttachShader.o)
[382] /Applications/Marmalade.app/Contents/s3e/lib/x86/darwin/libs3e_api_iwgl.a(__glBindAttribLocation.o)
[383] /Applications/Marmalade.app/Contents/s3e/lib/x86/darwin/libs3e_api_iwgl.a(__glBindBuffer.o)
[384] /Applications/Marmalade.app/Contents/s3e/lib/x86/darwin/libs3e_api_iwgl.a(__glBindBufferBase.o)
[385] /Applications/Marmalade.app/Contents/s3e/lib/x86/darwin/libs3e_api_iwgl.a(__glBindBufferRange.o)
[386] /Applications/Marmalade.app/Contents/s3e/lib/x86/darwin/libs3e_api_iwgl.a(__glBindFramebuffer.o)
[387] /Applications/Marmalade.app/Contents/s3e/lib/x86/darwin/libs3e_api_iwgl.a(__glBindRenderbuffer.o)
[388] /Applications/Marmalade.app/Contents/s3e/lib/x86/darwin/libs3e_api_iwgl.a(__glBindSampler.o)
[389] /Applications/Marmalade.app/Contents/s3e/lib/x86/darwin/libs3e_api_iwgl.a(__glBindTexture.o)
[390] /Applications/Marmalade.app/Contents/s3e/lib/x86/darwin/libs3e_api_iwgl.a(__glBindTransformFeedback.o)
[391] /Applications/Marmalade.app/Contents/s3e/lib/x86/darwin/libs3e_api_iwgl.a(__glBindVertexArray.o)
[392] /Applications/Marmalade.app/Contents/s3e/lib/x86/darwin/libs3e_api_iwgl.a(__glBlendColor.o)
[393] /Applications/Marmalade.app/Contents/s3e/lib/x86/darwin/libs3e_api_iwgl.a(__glBlendEquationSeparate.o)
[394] /Applications/Marmalade.app/Contents/s3e/lib/x86/darwin/libs3e_api_iwgl.a(__glBlendFunc.o)
[395] /Applications/Marmalade.app/Contents/s3e/lib/x86/darwin/libs3e_api_iwgl.a(__glBlendFuncSeparate.o)
[396] /Applications/Marmalade.app/Contents/s3e/lib/x86/darwin/libs3e_api_iwgl.a(__glBufferData.o)
[397] /Applications/Marmalade.app/Contents/s3e/lib/x86/darwin/libs3e_api_iwgl.a(__glCheckFramebufferStatus.o)
[398] /Applications/Marmalade.app/Contents/s3e/lib/x86/darwin/libs3e_api_iwgl.a(__glClear.o)
[399] /Applications/Marmalade.app/Contents/s3e/lib/x86/darwin/libs3e_api_iwgl.a(__glClearColor.o)
[400] /Applications/Marmalade.app/Contents/s3e/lib/x86/darwin/libs3e_api_iwgl.a(__glClearColorx.o)
[401] /Applications/Marmalade.app/Contents/s3e/lib/x86/darwin/libs3e_api_iwgl.a(__glClearDepthf.o)
[402] /Applications/Marmalade.app/Contents/s3e/lib/x86/darwin/libs3e_api_iwgl.a(__glClearDepthx.o)
[403] /Applications/Marmalade.app/Contents/s3e/lib/x86/darwin/libs3e_api_iwgl.a(__glClearStencil.o)
[404] /Applications/Marmalade.app/Contents/s3e/lib/x86/darwin/libs3e_api_iwgl.a(__glClientActiveTexture.o)
[405] /Applications/Marmalade.app/Contents/s3e/lib/x86/darwin/libs3e_api_iwgl.a(__glClipPlanef.o)
[406] /Applications/Marmalade.app/Contents/s3e/lib/x86/darwin/libs3e_api_iwgl.a(__glClipPlanex.o)
[407] /Applications/Marmalade.app/Contents/s3e/lib/x86/darwin/libs3e_api_iwgl.a(__glColor4f.o)
[408] /Applications/Marmalade.app/Contents/s3e/lib/x86/darwin/libs3e_api_iwgl.a(__glColor4x.o)
[409] /Applications/Marmalade.app/Contents/s3e/lib/x86/darwin/libs3e_api_iwgl.a(__glColorMask.o)
[410] /Applications/Marmalade.app/Contents/s3e/lib/x86/darwin/libs3e_api_iwgl.a(__glColorPointer.o)
[411] /Applications/Marmalade.app/Contents/s3e/lib/x86/darwin/libs3e_api_iwgl.a(__glCompileShader.o)
[412] /Applications/Marmalade.app/Contents/s3e/lib/x86/darwin/libs3e_api_iwgl.a(__glCompressedTexImage2D.o)
[413] /Applications/Marmalade.app/Contents/s3e/lib/x86/darwin/libs3e_api_iwgl.a(__glCompressedTexImage3D.o)
[414] /Applications/Marmalade.app/Contents/s3e/lib/x86/darwin/libs3e_api_iwgl.a(__glCreateProgram.o)
[415] /Applications/Marmalade.app/Contents/s3e/lib/x86/darwin/libs3e_api_iwgl.a(__glCreateShader.o)
[416] /Applications/Marmalade.app/Contents/s3e/lib/x86/darwin/libs3e_api_iwgl.a(__glCullFace.o)
[417] /Applications/Marmalade.app/Contents/s3e/lib/x86/darwin/libs3e_api_iwgl.a(__glDeleteBuffers.o)
[418] /Applications/Marmalade.app/Contents/s3e/lib/x86/darwin/libs3e_api_iwgl.a(__glDeleteFramebuffers.o)
[419] /Applications/Marmalade.app/Contents/s3e/lib/x86/darwin/libs3e_api_iwgl.a(__glDeleteProgram.o)
[420] /Applications/Marmalade.app/Contents/s3e/lib/x86/darwin/libs3e_api_iwgl.a(__glDeleteRenderbuffers.o)
[421] /Applications/Marmalade.app/Contents/s3e/lib/x86/darwin/libs3e_api_iwgl.a(__glDeleteSamplers.o)
[422] /Applications/Marmalade.app/Contents/s3e/lib/x86/darwin/libs3e_api_iwgl.a(__glDeleteShader.o)
[423] /Applications/Marmalade.app/Contents/s3e/lib/x86/darwin/libs3e_api_iwgl.a(__glDeleteTextures.o)
[424] /Applications/Marmalade.app/Contents/s3e/lib/x86/darwin/libs3e_api_iwgl.a(__glDeleteVertexArrays.o)
[425] /Applications/Marmalade.app/Contents/s3e/lib/x86/darwin/libs3e_api_iwgl.a(__glDepthFunc.o)
[426] /Applications/Marmalade.app/Contents/s3e/lib/x86/darwin/libs3e_api_iwgl.a(__glDepthMask.o)
[427] /Applications/Marmalade.app/Contents/s3e/lib/x86/darwin/libs3e_api_iwgl.a(__glDepthRangef.o)
[428] /Applications/Marmalade.app/Contents/s3e/lib/x86/darwin/libs3e_api_iwgl.a(__glDepthRangex.o)
[429] /Applications/Marmalade.app/Contents/s3e/lib/x86/darwin/libs3e_api_iwgl.a(__glDetachShader.o)
[430] /Applications/Marmalade.app/Contents/s3e/lib/x86/darwin/libs3e_api_iwgl.a(__glDisable.o)
[431] /Applications/Marmalade.app/Contents/s3e/lib/x86/darwin/libs3e_api_iwgl.a(__glDisableClientState.o)
[432] /Applications/Marmalade.app/Contents/s3e/lib/x86/darwin/libs3e_api_iwgl.a(__glDisableVertexAttribArray.o)
[433] /Applications/Marmalade.app/Contents/s3e/lib/x86/darwin/libs3e_api_iwgl.a(__glDrawArrays.o)
[434] /Applications/Marmalade.app/Contents/s3e/lib/x86/darwin/libs3e_api_iwgl.a(__glDrawBuffers.o)
[435] /Applications/Marmalade.app/Contents/s3e/lib/x86/darwin/libs3e_api_iwgl.a(__glDrawElements.o)
[436] /Applications/Marmalade.app/Contents/s3e/lib/x86/darwin/libs3e_api_iwgl.a(__glEnable.o)
[437] /Applications/Marmalade.app/Contents/s3e/lib/x86/darwin/libs3e_api_iwgl.a(__glEnableClientState.o)
[438] /Applications/Marmalade.app/Contents/s3e/lib/x86/darwin/libs3e_api_iwgl.a(__glEnableVertexAttribArray.o)
[439] /Applications/Marmalade.app/Contents/s3e/lib/x86/darwin/libs3e_api_iwgl.a(__glFinish.o)
[440] /Applications/Marmalade.app/Contents/s3e/lib/x86/darwin/libs3e_api_iwgl.a(__glFogf.o)
[441] /Applications/Marmalade.app/Contents/s3e/lib/x86/darwin/libs3e_api_iwgl.a(__glFogfv.o)
[442] /Applications/Marmalade.app/Contents/s3e/lib/x86/darwin/libs3e_api_iwgl.a(__glFogx.o)
[443] /Applications/Marmalade.app/Contents/s3e/lib/x86/darwin/libs3e_api_iwgl.a(__glFogxv.o)
[444] /Applications/Marmalade.app/Contents/s3e/lib/x86/darwin/libs3e_api_iwgl.a(__glFramebufferRenderbuffer.o)
[445] /Applications/Marmalade.app/Contents/s3e/lib/x86/darwin/libs3e_api_iwgl.a(__glFramebufferTexture2D.o)
[446] /Applications/Marmalade.app/Contents/s3e/lib/x86/darwin/libs3e_api_iwgl.a(__glFramebufferTextureLayer.o)
[447] /Applications/Marmalade.app/Contents/s3e/lib/x86/darwin/libs3e_api_iwgl.a(__glFrontFace.o)
[448] /Applications/Marmalade.app/Contents/s3e/lib/x86/darwin/libs3e_api_iwgl.a(__glFrustumf.o)
[449] /Applications/Marmalade.app/Contents/s3e/lib/x86/darwin/libs3e_api_iwgl.a(__glGenBuffers.o)
[450] /Applications/Marmalade.app/Contents/s3e/lib/x86/darwin/libs3e_api_iwgl.a(__glGenFramebuffers.o)
[451] /Applications/Marmalade.app/Contents/s3e/lib/x86/darwin/libs3e_api_iwgl.a(__glGenRenderbuffers.o)
[452] /Applications/Marmalade.app/Contents/s3e/lib/x86/darwin/libs3e_api_iwgl.a(__glGenTextures.o)
[453] /Applications/Marmalade.app/Contents/s3e/lib/x86/darwin/libs3e_api_iwgl.a(__glGenerateMipmap.o)
[454] /Applications/Marmalade.app/Contents/s3e/lib/x86/darwin/libs3e_api_iwgl.a(__glGetActiveUniform.o)
[455] /Applications/Marmalade.app/Contents/s3e/lib/x86/darwin/libs3e_api_iwgl.a(__glGetAttribLocation.o)
[456] /Applications/Marmalade.app/Contents/s3e/lib/x86/darwin/libs3e_api_iwgl.a(__glGetBooleanv.o)
[457] /Applications/Marmalade.app/Contents/s3e/lib/x86/darwin/libs3e_api_iwgl.a(__glGetError.o)
[458] /Applications/Marmalade.app/Contents/s3e/lib/x86/darwin/libs3e_api_iwgl.a(__glGetFloatv.o)
[459] /Applications/Marmalade.app/Contents/s3e/lib/x86/darwin/libs3e_api_iwgl.a(__glGetFramebufferAttachmentParameteriv.o)
[460] /Applications/Marmalade.app/Contents/s3e/lib/x86/darwin/libs3e_api_iwgl.a(__glGetIntegerv.o)
[461] /Applications/Marmalade.app/Contents/s3e/lib/x86/darwin/libs3e_api_iwgl.a(__glGetProgramInfoLog.o)
[462] /Applications/Marmalade.app/Contents/s3e/lib/x86/darwin/libs3e_api_iwgl.a(__glGetProgramiv.o)
[463] /Applications/Marmalade.app/Contents/s3e/lib/x86/darwin/libs3e_api_iwgl.a(__glGetRenderbufferParameteriv.o)
[464] /Applications/Marmalade.app/Contents/s3e/lib/x86/darwin/libs3e_api_iwgl.a(__glGetShaderInfoLog.o)
[465] /Applications/Marmalade.app/Contents/s3e/lib/x86/darwin/libs3e_api_iwgl.a(__glGetShaderiv.o)
[466] /Applications/Marmalade.app/Contents/s3e/lib/x86/darwin/libs3e_api_iwgl.a(__glGetString.o)
[467] /Applications/Marmalade.app/Contents/s3e/lib/x86/darwin/libs3e_api_iwgl.a(__glGetUniformLocation.o)
[468] /Applications/Marmalade.app/Contents/s3e/lib/x86/darwin/libs3e_api_iwgl.a(__glHint.o)
[469] /Applications/Marmalade.app/Contents/s3e/lib/x86/darwin/libs3e_api_iwgl.a(__glIsFramebuffer.o)
[470] /Applications/Marmalade.app/Contents/s3e/lib/x86/darwin/libs3e_api_iwgl.a(__glIsRenderbuffer.o)
[471] /Applications/Marmalade.app/Contents/s3e/lib/x86/darwin/libs3e_api_iwgl.a(__glLightModelf.o)
[472] /Applications/Marmalade.app/Contents/s3e/lib/x86/darwin/libs3e_api_iwgl.a(__glLightModelfv.o)
[473] /Applications/Marmalade.app/Contents/s3e/lib/x86/darwin/libs3e_api_iwgl.a(__glLightModelx.o)
[474] /Applications/Marmalade.app/Contents/s3e/lib/x86/darwin/libs3e_api_iwgl.a(__glLightModelxv.o)
[475] /Applications/Marmalade.app/Contents/s3e/lib/x86/darwin/libs3e_api_iwgl.a(__glLightf.o)
[476] /Applications/Marmalade.app/Contents/s3e/lib/x86/darwin/libs3e_api_iwgl.a(__glLightfv.o)
[477] /Applications/Marmalade.app/Contents/s3e/lib/x86/darwin/libs3e_api_iwgl.a(__glLightx.o)
[478] /Applications/Marmalade.app/Contents/s3e/lib/x86/darwin/libs3e_api_iwgl.a(__glLightxv.o)
[479] /Applications/Marmalade.app/Contents/s3e/lib/x86/darwin/libs3e_api_iwgl.a(__glLineWidth.o)
[480] /Applications/Marmalade.app/Contents/s3e/lib/x86/darwin/libs3e_api_iwgl.a(__glLineWidthx.o)
[481] /Applications/Marmalade.app/Contents/s3e/lib/x86/darwin/libs3e_api_iwgl.a(__glLinkProgram.o)
[482] /Applications/Marmalade.app/Contents/s3e/lib/x86/darwin/libs3e_api_iwgl.a(__glLoadIdentity.o)
[483] /Applications/Marmalade.app/Contents/s3e/lib/x86/darwin/libs3e_api_iwgl.a(__glLoadMatrixf.o)
[484] /Applications/Marmalade.app/Contents/s3e/lib/x86/darwin/libs3e_api_iwgl.a(__glLoadMatrixx.o)
[485] /Applications/Marmalade.app/Contents/s3e/lib/x86/darwin/libs3e_api_iwgl.a(__glLogicOp.o)
[486] /Applications/Marmalade.app/Contents/s3e/lib/x86/darwin/libs3e_api_iwgl.a(__glMaterialf.o)
[487] /Applications/Marmalade.app/Contents/s3e/lib/x86/darwin/libs3e_api_iwgl.a(__glMaterialfv.o)
[488] /Applications/Marmalade.app/Contents/s3e/lib/x86/darwin/libs3e_api_iwgl.a(__glMaterialx.o)
[489] /Applications/Marmalade.app/Contents/s3e/lib/x86/darwin/libs3e_api_iwgl.a(__glMaterialxv.o)
[490] /Applications/Marmalade.app/Contents/s3e/lib/x86/darwin/libs3e_api_iwgl.a(__glMatrixMode.o)
[491] /Applications/Marmalade.app/Contents/s3e/lib/x86/darwin/libs3e_api_iwgl.a(__glMultMatrixf.o)
[492] /Applications/Marmalade.app/Contents/s3e/lib/x86/darwin/libs3e_api_iwgl.a(__glMultMatrixx.o)
[493] /Applications/Marmalade.app/Contents/s3e/lib/x86/darwin/libs3e_api_iwgl.a(__glMultiTexCoord4f.o)
[494] /Applications/Marmalade.app/Contents/s3e/lib/x86/darwin/libs3e_api_iwgl.a(__glMultiTexCoord4x.o)
[495] /Applications/Marmalade.app/Contents/s3e/lib/x86/darwin/libs3e_api_iwgl.a(__glNormal3f.o)
[496] /Applications/Marmalade.app/Contents/s3e/lib/x86/darwin/libs3e_api_iwgl.a(__glNormal3x.o)
[497] /Applications/Marmalade.app/Contents/s3e/lib/x86/darwin/libs3e_api_iwgl.a(__glNormalPointer.o)
[498] /Applications/Marmalade.app/Contents/s3e/lib/x86/darwin/libs3e_api_iwgl.a(__glOrthof.o)
[499] /Applications/Marmalade.app/Contents/s3e/lib/x86/darwin/libs3e_api_iwgl.a(__glOrthox.o)
[500] /Applications/Marmalade.app/Contents/s3e/lib/x86/darwin/libs3e_api_iwgl.a(__glPixelStorei.o)
[501] /Applications/Marmalade.app/Contents/s3e/lib/x86/darwin/libs3e_api_iwgl.a(__glPolygonOffset.o)
[502] /Applications/Marmalade.app/Contents/s3e/lib/x86/darwin/libs3e_api_iwgl.a(__glPolygonOffsetx.o)
[503] /Applications/Marmalade.app/Contents/s3e/lib/x86/darwin/libs3e_api_iwgl.a(__glReadBuffer.o)
[504] /Applications/Marmalade.app/Contents/s3e/lib/x86/darwin/libs3e_api_iwgl.a(__glReadPixels.o)
[505] /Applications/Marmalade.app/Contents/s3e/lib/x86/darwin/libs3e_api_iwgl.a(__glRenderbufferStorage.o)
[506] /Applications/Marmalade.app/Contents/s3e/lib/x86/darwin/libs3e_api_iwgl.a(__glRenderbufferStorageMultisample.o)
[507] /Applications/Marmalade.app/Contents/s3e/lib/x86/darwin/libs3e_api_iwgl.a(__glRotatef.o)
[508] /Applications/Marmalade.app/Contents/s3e/lib/x86/darwin/libs3e_api_iwgl.a(__glRotatex.o)
[509] /Applications/Marmalade.app/Contents/s3e/lib/x86/darwin/libs3e_api_iwgl.a(__glSamplerParameterf.o)
[510] /Applications/Marmalade.app/Contents/s3e/lib/x86/darwin/libs3e_api_iwgl.a(__glSamplerParameteri.o)
[511] /Applications/Marmalade.app/Contents/s3e/lib/x86/darwin/libs3e_api_iwgl.a(__glScalef.o)
[512] /Applications/Marmalade.app/Contents/s3e/lib/x86/darwin/libs3e_api_iwgl.a(__glScalex.o)
[513] /Applications/Marmalade.app/Contents/s3e/lib/x86/darwin/libs3e_api_iwgl.a(__glScissor.o)
[514] /Applications/Marmalade.app/Contents/s3e/lib/x86/darwin/libs3e_api_iwgl.a(__glShadeModel.o)
[515] /Applications/Marmalade.app/Contents/s3e/lib/x86/darwin/libs3e_api_iwgl.a(__glShaderBinary.o)
[516] /Applications/Marmalade.app/Contents/s3e/lib/x86/darwin/libs3e_api_iwgl.a(__glShaderSource.o)
[517] /Applications/Marmalade.app/Contents/s3e/lib/x86/darwin/libs3e_api_iwgl.a(__glStencilFunc.o)
[518] /Applications/Marmalade.app/Contents/s3e/lib/x86/darwin/libs3e_api_iwgl.a(__glStencilFuncSeparate.o)
[519] /Applications/Marmalade.app/Contents/s3e/lib/x86/darwin/libs3e_api_iwgl.a(__glStencilMask.o)
[520] /Applications/Marmalade.app/Contents/s3e/lib/x86/darwin/libs3e_api_iwgl.a(__glStencilMaskSeparate.o)
[521] /Applications/Marmalade.app/Contents/s3e/lib/x86/darwin/libs3e_api_iwgl.a(__glStencilOp.o)
[522] /Applications/Marmalade.app/Contents/s3e/lib/x86/darwin/libs3e_api_iwgl.a(__glStencilOpSeparate.o)
[523] /Applications/Marmalade.app/Contents/s3e/lib/x86/darwin/libs3e_api_iwgl.a(__glTexCoordPointer.o)
[524] /Applications/Marmalade.app/Contents/s3e/lib/x86/darwin/libs3e_api_iwgl.a(__glTexEnvf.o)
[525] /Applications/Marmalade.app/Contents/s3e/lib/x86/darwin/libs3e_api_iwgl.a(__glTexEnvfv.o)
[526] /Applications/Marmalade.app/Contents/s3e/lib/x86/darwin/libs3e_api_iwgl.a(__glTexEnvi.o)
[527] /Applications/Marmalade.app/Contents/s3e/lib/x86/darwin/libs3e_api_iwgl.a(__glTexEnvx.o)
[528] /Applications/Marmalade.app/Contents/s3e/lib/x86/darwin/libs3e_api_iwgl.a(__glTexEnvxv.o)
[529] /Applications/Marmalade.app/Contents/s3e/lib/x86/darwin/libs3e_api_iwgl.a(__glTexImage2D.o)
[530] /Applications/Marmalade.app/Contents/s3e/lib/x86/darwin/libs3e_api_iwgl.a(__glTexImage3D.o)
[531] /Applications/Marmalade.app/Contents/s3e/lib/x86/darwin/libs3e_api_iwgl.a(__glTexParameterf.o)
[532] /Applications/Marmalade.app/Contents/s3e/lib/x86/darwin/libs3e_api_iwgl.a(__glTexParameteri.o)
[533] /Applications/Marmalade.app/Contents/s3e/lib/x86/darwin/libs3e_api_iwgl.a(__glTexParameterx.o)
[534] /Applications/Marmalade.app/Contents/s3e/lib/x86/darwin/libs3e_api_iwgl.a(__glTexSubImage2D.o)
[535] /Applications/Marmalade.app/Contents/s3e/lib/x86/darwin/libs3e_api_iwgl.a(__glTransformFeedbackVaryings.o)
[536] /Applications/Marmalade.app/Contents/s3e/lib/x86/darwin/libs3e_api_iwgl.a(__glTranslatef.o)
[537] /Applications/Marmalade.app/Contents/s3e/lib/x86/darwin/libs3e_api_iwgl.a(__glTranslatex.o)
[538] /Applications/Marmalade.app/Contents/s3e/lib/x86/darwin/libs3e_api_iwgl.a(__glUniform1f.o)
[539] /Applications/Marmalade.app/Contents/s3e/lib/x86/darwin/libs3e_api_iwgl.a(__glUniform1fv.o)
[540] /Applications/Marmalade.app/Contents/s3e/lib/x86/darwin/libs3e_api_iwgl.a(__glUniform1i.o)
[541] /Applications/Marmalade.app/Contents/s3e/lib/x86/darwin/libs3e_api_iwgl.a(__glUniform1iv.o)
[542] /Applications/Marmalade.app/Contents/s3e/lib/x86/darwin/libs3e_api_iwgl.a(__glUniform1uiv.o)
[543] /Applications/Marmalade.app/Contents/s3e/lib/x86/darwin/libs3e_api_iwgl.a(__glUniform2fv.o)
[544] /Applications/Marmalade.app/Contents/s3e/lib/x86/darwin/libs3e_api_iwgl.a(__glUniform2iv.o)
[545] /Applications/Marmalade.app/Contents/s3e/lib/x86/darwin/libs3e_api_iwgl.a(__glUniform2uiv.o)
[546] /Applications/Marmalade.app/Contents/s3e/lib/x86/darwin/libs3e_api_iwgl.a(__glUniform3fv.o)
[547] /Applications/Marmalade.app/Contents/s3e/lib/x86/darwin/libs3e_api_iwgl.a(__glUniform3iv.o)
[548] /Applications/Marmalade.app/Contents/s3e/lib/x86/darwin/libs3e_api_iwgl.a(__glUniform3uiv.o)
[549] /Applications/Marmalade.app/Contents/s3e/lib/x86/darwin/libs3e_api_iwgl.a(__glUniform4f.o)
[550] /Applications/Marmalade.app/Contents/s3e/lib/x86/darwin/libs3e_api_iwgl.a(__glUniform4fv.o)
[551] /Applications/Marmalade.app/Contents/s3e/lib/x86/darwin/libs3e_api_iwgl.a(__glUniform4iv.o)
[552] /Applications/Marmalade.app/Contents/s3e/lib/x86/darwin/libs3e_api_iwgl.a(__glUniform4uiv.o)
[553] /Applications/Marmalade.app/Contents/s3e/lib/x86/darwin/libs3e_api_iwgl.a(__glUniformMatrix2fv.o)
[554] /Applications/Marmalade.app/Contents/s3e/lib/x86/darwin/libs3e_api_iwgl.a(__glUniformMatrix2x3fv.o)
[555] /Applications/Marmalade.app/Contents/s3e/lib/x86/darwin/libs3e_api_iwgl.a(__glUniformMatrix2x4fv.o)
[556] /Applications/Marmalade.app/Contents/s3e/lib/x86/darwin/libs3e_api_iwgl.a(__glUniformMatrix3fv.o)
[557] /Applications/Marmalade.app/Contents/s3e/lib/x86/darwin/libs3e_api_iwgl.a(__glUniformMatrix3x2fv.o)
[558] /Applications/Marmalade.app/Contents/s3e/lib/x86/darwin/libs3e_api_iwgl.a(__glUniformMatrix3x4fv.o)
[559] /Applications/Marmalade.app/Contents/s3e/lib/x86/darwin/libs3e_api_iwgl.a(__glUniformMatrix4fv.o)
[560] /Applications/Marmalade.app/Contents/s3e/lib/x86/darwin/libs3e_api_iwgl.a(__glUniformMatrix4x2fv.o)
[561] /Applications/Marmalade.app/Contents/s3e/lib/x86/darwin/libs3e_api_iwgl.a(__glUniformMatrix4x3fv.o)
[562] /Applications/Marmalade.app/Contents/s3e/lib/x86/darwin/libs3e_api_iwgl.a(__glUseProgram.o)
[563] /Applications/Marmalade.app/Contents/s3e/lib/x86/darwin/libs3e_api_iwgl.a(__glVertexAttribDivisor.o)
[564] /Applications/Marmalade.app/Contents/s3e/lib/x86/darwin/libs3e_api_iwgl.a(__glVertexAttribIPointer.o)
[565] /Applications/Marmalade.app/Contents/s3e/lib/x86/darwin/libs3e_api_iwgl.a(__glVertexAttribPointer.o)
[566] /Applications/Marmalade.app/Contents/s3e/lib/x86/darwin/libs3e_api_iwgl.a(__glVertexPointer.o)
[567] /Applications/Marmalade.app/Contents/s3e/lib/x86/darwin/libs3e_api_iwgl.a(__glViewport.o)
[568] /Applications/Marmalade.app/Contents/s3e/lib/x86/darwin/libs3e_api_iwgl.a(__s3eFreeBase.o)
[569] /Applications/Marmalade.app/Contents/s3e/lib/x86/darwin/libs3e_api_iwgl.a(__s3eMallocBase.o)
[570] /Applications/Marmalade.app/Contents/s3e/lib/x86/darwin/libs3e_api_iwgl.a(__s3eMemorySetUserMemMgr.o)
[571] /Applications/Marmalade.app/Contents/s3e/lib/x86/darwin/libs3e_api_iwgl.a(__s3eReallocBase.o)
[572] /Applications/Marmalade.app/Contents/s3e/lib/x86/darwin/libs3e_api_iwgl.a(eglBindAPI.o)
[573] /Applications/Marmalade.app/Contents/s3e/lib/x86/darwin/libs3e_api_iwgl.a(eglCreateContext.o)
[574] /Applications/Marmalade.app/Contents/s3e/lib/x86/darwin/libs3e_api_iwgl.a(eglCreateWindowSurface.o)
[575] /Applications/Marmalade.app/Contents/s3e/lib/x86/darwin/libs3e_api_iwgl.a(eglDestroyContext.o)
[576] /Applications/Marmalade.app/Contents/s3e/lib/x86/darwin/libs3e_api_iwgl.a(eglDestroySurface.o)
[577] /Applications/Marmalade.app/Contents/s3e/lib/x86/darwin/libs3e_api_iwgl.a(eglGetConfigAttrib.o)
[578] /Applications/Marmalade.app/Contents/s3e/lib/x86/darwin/libs3e_api_iwgl.a(eglGetConfigs.o)
[579] /Applications/Marmalade.app/Contents/s3e/lib/x86/darwin/libs3e_api_iwgl.a(eglGetCurrentContext.o)
[580] /Applications/Marmalade.app/Contents/s3e/lib/x86/darwin/libs3e_api_iwgl.a(eglGetCurrentDisplay.o)
[581] /Applications/Marmalade.app/Contents/s3e/lib/x86/darwin/libs3e_api_iwgl.a(eglGetCurrentSurface.o)
[582] /Applications/Marmalade.app/Contents/s3e/lib/x86/darwin/libs3e_api_iwgl.a(eglGetDisplay.o)
[583] /Applications/Marmalade.app/Contents/s3e/lib/x86/darwin/libs3e_api_iwgl.a(eglGetError.o)
[584] /Applications/Marmalade.app/Contents/s3e/lib/x86/darwin/libs3e_api_iwgl.a(eglInitialize.o)
[585] /Applications/Marmalade.app/Contents/s3e/lib/x86/darwin/libs3e_api_iwgl.a(eglMakeCurrent.o)
[586] /Applications/Marmalade.app/Contents/s3e/lib/x86/darwin/libs3e_api_iwgl.a(eglQueryContext.o)
[587] /Applications/Marmalade.app/Contents/s3e/lib/x86/darwin/libs3e_api_iwgl.a(eglSwapBuffers.o)
[588] /Applications/Marmalade.app/Contents/s3e/lib/x86/darwin/libs3e_api_iwgl.a(eglTerminate.o)
[589] /Applications/Marmalade.app/Contents/s3e/lib/x86/darwin/libs3e_api_iwgl.a(s3eCompressionDecomp.o)
[590] /Applications/Marmalade.app/Contents/s3e/lib/x86/darwin/libs3e_api_iwgl.a(s3eConfigGetInt.o)
[591] /Applications/Marmalade.app/Contents/s3e/lib/x86/darwin/libs3e_api_iwgl.a(s3eConfigGetString.o)
[592] /Applications/Marmalade.app/Contents/s3e/lib/x86/darwin/libs3e_api_iwgl.a(s3eDebugAssertShow.o)
[593] /Applications/Marmalade.app/Contents/s3e/lib/x86/darwin/libs3e_api_iwgl.a(s3eDebugErrorShow.o)
[594] /Applications/Marmalade.app/Contents/s3e/lib/x86/darwin/libs3e_api_iwgl.a(s3eDebugGetInt.o)
[595] /Applications/Marmalade.app/Contents/s3e/lib/x86/darwin/libs3e_api_iwgl.a(s3eDebugIsDebuggerPresent.o)
[596] /Applications/Marmalade.app/Contents/s3e/lib/x86/darwin/libs3e_api_iwgl.a(s3eDebugOutputString.o)
[597] /Applications/Marmalade.app/Contents/s3e/lib/x86/darwin/libs3e_api_iwgl.a(s3eDebugPrint.o)
[598] /Applications/Marmalade.app/Contents/s3e/lib/x86/darwin/libs3e_api_iwgl.a(s3eDeviceCheckQuitRequest.o)
[599] /Applications/Marmalade.app/Contents/s3e/lib/x86/darwin/libs3e_api_iwgl.a(s3eDeviceExit.o)
[600] /Applications/Marmalade.app/Contents/s3e/lib/x86/darwin/libs3e_api_iwgl.a(s3eDeviceGetInt.o)
[601] /Applications/Marmalade.app/Contents/s3e/lib/x86/darwin/libs3e_api_iwgl.a(s3eDeviceGetString.o)
[602] /Applications/Marmalade.app/Contents/s3e/lib/x86/darwin/libs3e_api_iwgl.a(s3eDeviceRegister.o)
[603] /Applications/Marmalade.app/Contents/s3e/lib/x86/darwin/libs3e_api_iwgl.a(s3eDeviceSetInt.o)
[604] /Applications/Marmalade.app/Contents/s3e/lib/x86/darwin/libs3e_api_iwgl.a(s3eDeviceUnRegister.o)
[605] /Applications/Marmalade.app/Contents/s3e/lib/x86/darwin/libs3e_api_iwgl.a(s3eDeviceYield.o)
[606] /Applications/Marmalade.app/Contents/s3e/lib/x86/darwin/libs3e_api_iwgl.a(s3eDeviceYieldUntilEvent.o)
[607] /Applications/Marmalade.app/Contents/s3e/lib/x86/darwin/libs3e_api_iwgl.a(s3eExtGetHash.o)
[608] /Applications/Marmalade.app/Contents/s3e/lib/x86/darwin/libs3e_api_iwgl.a(s3eFileCheckExists.o)
[609] /Applications/Marmalade.app/Contents/s3e/lib/x86/darwin/libs3e_api_iwgl.a(s3eFileClose.o)
[610] /Applications/Marmalade.app/Contents/s3e/lib/x86/darwin/libs3e_api_iwgl.a(s3eFileDelete.o)
[611] /Applications/Marmalade.app/Contents/s3e/lib/x86/darwin/libs3e_api_iwgl.a(s3eFileGetError.o)
[612] /Applications/Marmalade.app/Contents/s3e/lib/x86/darwin/libs3e_api_iwgl.a(s3eFileGetFileInt.o)
[613] /Applications/Marmalade.app/Contents/s3e/lib/x86/darwin/libs3e_api_iwgl.a(s3eFileGetFileString.o)
[614] /Applications/Marmalade.app/Contents/s3e/lib/x86/darwin/libs3e_api_iwgl.a(s3eFileGetSize.o)
[615] /Applications/Marmalade.app/Contents/s3e/lib/x86/darwin/libs3e_api_iwgl.a(s3eFileMakeDirectory.o)
[616] /Applications/Marmalade.app/Contents/s3e/lib/x86/darwin/libs3e_api_iwgl.a(s3eFileOpen.o)
[617] /Applications/Marmalade.app/Contents/s3e/lib/x86/darwin/libs3e_api_iwgl.a(s3eFileRead.o)
[618] /Applications/Marmalade.app/Contents/s3e/lib/x86/darwin/libs3e_api_iwgl.a(s3eFileSeek.o)
[619] /Applications/Marmalade.app/Contents/s3e/lib/x86/darwin/libs3e_api_iwgl.a(s3eFileTell.o)
[620] /Applications/Marmalade.app/Contents/s3e/lib/x86/darwin/libs3e_api_iwgl.a(s3eFileWrite.o)
[621] /Applications/Marmalade.app/Contents/s3e/lib/x86/darwin/libs3e_api_iwgl.a(s3eFreeBase.o)
[622] /Applications/Marmalade.app/Contents/s3e/lib/x86/darwin/libs3e_api_iwgl.a(s3eGLGetInt.o)
[623] /Applications/Marmalade.app/Contents/s3e/lib/x86/darwin/libs3e_api_iwgl.a(s3eGLGetNativeWindow.o)
[624] /Applications/Marmalade.app/Contents/s3e/lib/x86/darwin/libs3e_api_iwgl.a(s3eGLRegister.o)
[625] /Applications/Marmalade.app/Contents/s3e/lib/x86/darwin/libs3e_api_iwgl.a(s3eGLUnRegister.o)
[626] /Applications/Marmalade.app/Contents/s3e/lib/x86/darwin/libs3e_api_iwgl.a(s3eKeyboardRegister.o)
[627] /Applications/Marmalade.app/Contents/s3e/lib/x86/darwin/libs3e_api_iwgl.a(s3eKeyboardSetInt.o)
[628] /Applications/Marmalade.app/Contents/s3e/lib/x86/darwin/libs3e_api_iwgl.a(s3eKeyboardUpdate.o)
[629] /Applications/Marmalade.app/Contents/s3e/lib/x86/darwin/libs3e_api_iwgl.a(s3eMallocBase.o)
[630] /Applications/Marmalade.app/Contents/s3e/lib/x86/darwin/libs3e_api_iwgl.a(s3eMemoryGetInt.o)
[631] /Applications/Marmalade.app/Contents/s3e/lib/x86/darwin/libs3e_api_iwgl.a(s3eMemoryHeapCreate.o)
[632] /Applications/Marmalade.app/Contents/s3e/lib/x86/darwin/libs3e_api_iwgl.a(s3eMemorySetInt.o)
[633] /Applications/Marmalade.app/Contents/s3e/lib/x86/darwin/libs3e_api_iwgl.a(s3ePointerGetState.o)
[634] /Applications/Marmalade.app/Contents/s3e/lib/x86/darwin/libs3e_api_iwgl.a(s3ePointerGetX.o)
[635] /Applications/Marmalade.app/Contents/s3e/lib/x86/darwin/libs3e_api_iwgl.a(s3ePointerGetY.o)
[636] /Applications/Marmalade.app/Contents/s3e/lib/x86/darwin/libs3e_api_iwgl.a(s3ePointerSetInt.o)
[637] /Applications/Marmalade.app/Contents/s3e/lib/x86/darwin/libs3e_api_iwgl.a(s3ePointerUpdate.o)
[638] /Applications/Marmalade.app/Contents/s3e/lib/x86/darwin/libs3e_api_iwgl.a(s3eReallocBase.o)
[639] /Applications/Marmalade.app/Contents/s3e/lib/x86/darwin/libs3e_api_iwgl.a(s3eSocketClose.o)
[640] /Applications/Marmalade.app/Contents/s3e/lib/x86/darwin/libs3e_api_iwgl.a(s3eSurfaceGetInt.o)
[641] /Applications/Marmalade.app/Contents/s3e/lib/x86/darwin/libs3e_api_iwgl.a(s3eSurfacePtr.o)
[642] /Applications/Marmalade.app/Contents/s3e/lib/x86/darwin/libs3e_api_iwgl.a(s3eSurfaceRegister.o)
[643] /Applications/Marmalade.app/Contents/s3e/lib/x86/darwin/libs3e_api_iwgl.a(s3eSurfaceSetup.o)
[644] /Applications/Marmalade.app/Contents/s3e/lib/x86/darwin/libs3e_api_iwgl.a(s3eSurfaceShow.o)
[645] /Applications/Marmalade.app/Contents/s3e/lib/x86/darwin/libs3e_api_iwgl.a(s3eSurfaceUnRegister.o)
[646] /Applications/Marmalade.app/Contents/s3e/lib/x86/darwin/libs3e_api_iwgl.a(s3eTimerGetLocaltimeOffset.o)
[647] /Applications/Marmalade.app/Contents/s3e/lib/x86/darwin/libs3e_api_iwgl.a(s3eTimerGetMs.o)
[648] /Applications/Marmalade.app/Contents/s3e/lib/x86/darwin/libs3e_api_iwgl.a(s3eTimerGetUST.o)
[649] /Applications/Marmalade.app/Contents/s3e/lib/x86/darwin/libs3e_api_iwgl.a(s3eTimerGetUTC.o)
[650] /Applications/Marmalade.app/Contents/s3e/lib/x86/darwin/libs3e_api_iwgl.a(s3eTimerSetTimer.o)
[651] /Applications/Xcode.app/Contents/Developer/Platforms/MacOSX.platform/Developer/SDKs/MacOSX10.10.sdk/usr/lib/libc++.dylib
[652] /Applications/Marmalade.app/Contents/s3e/lib/x86/darwin/libm.a(lib_a-e_pow.o)
[653] /Applications/Marmalade.app/Contents/s3e/lib/x86/darwin/libm.a(lib_a-e_rem_pio2.o)
[654] /Applications/Marmalade.app/Contents/s3e/lib/x86/darwin/libm.a(lib_a-e_sqrt.o)
[655] /Applications/Marmalade.app/Contents/s3e/lib/x86/darwin/libm.a(lib_a-k_cos.o)
[656] /Applications/Marmalade.app/Contents/s3e/lib/x86/darwin/libm.a(lib_a-k_rem_pio2.o)
[657] /Applications/Marmalade.app/Contents/s3e/lib/x86/darwin/libm.a(lib_a-k_sin.o)
[658] /Applications/Marmalade.app/Contents/s3e/lib/x86/darwin/libm.a(lib_a-s_copysign.o)
[659] /Applications/Marmalade.app/Contents/s3e/lib/x86/darwin/libm.a(lib_a-s_cos.o)
[660] /Applications/Marmalade.app/Contents/s3e/lib/x86/darwin/libm.a(lib_a-s_fabs.o)
[661] /Applications/Marmalade.app/Contents/s3e/lib/x86/darwin/libm.a(lib_a-s_finite.o)
[662] /Applications/Marmalade.app/Contents/s3e/lib/x86/darwin/libm.a(lib_a-s_floor.o)
[663] /Applications/Marmalade.app/Contents/s3e/lib/x86/darwin/libm.a(lib_a-s_fpclassify.o)
[664] /Applications/Marmalade.app/Contents/s3e/lib/x86/darwin/libm.a(lib_a-s_frexp.o)
[665] /Applications/Marmalade.app/Contents/s3e/lib/x86/darwin/libm.a(lib_a-s_lib_ver.o)
[666] /Applications/Marmalade.app/Contents/s3e/lib/x86/darwin/libm.a(lib_a-s_matherr.o)
[667] /Applications/Marmalade.app/Contents/s3e/lib/x86/darwin/libm.a(lib_a-s_nan.o)
[668] /Applications/Marmalade.app/Contents/s3e/lib/x86/darwin/libm.a(lib_a-s_rint.o)
[669] /Applications/Marmalade.app/Contents/s3e/lib/x86/darwin/libm.a(lib_a-s_scalbn.o)
[670] /Applications/Marmalade.app/Contents/s3e/lib/x86/darwin/libm.a(lib_a-s_sin.o)
[671] /Applications/Marmalade.app/Contents/s3e/lib/x86/darwin/libm.a(lib_a-sf_nan.o)
[672] /Applications/Marmalade.app/Contents/s3e/lib/x86/darwin/libm.a(lib_a-w_pow.o)
[673] /Applications/Marmalade.app/Contents/s3e/lib/x86/darwin/libm.a(lib_a-w_sqrt.o)
[674] /Applications/Marmalade.app/Contents/s3e/lib/x86/darwin/libm.a(lib_a-wf_pow.o)
[675] /Applications/Marmalade.app/Contents/s3e/lib/x86/darwin/libc.a(lib_a-__atexit.o)
[676] /Applications/Marmalade.app/Contents/s3e/lib/x86/darwin/libc.a(lib_a-abs.o)
[677] /Applications/Marmalade.app/Contents/s3e/lib/x86/darwin/libc.a(lib_a-atof.o)
[678] /Applications/Marmalade.app/Contents/s3e/lib/x86/darwin/libc.a(lib_a-bzero.o)
[679] /Applications/Marmalade.app/Contents/s3e/lib/x86/darwin/libc.a(lib_a-closer.o)
[680] /Applications/Marmalade.app/Contents/s3e/lib/x86/darwin/libc.a(lib_a-ctype_.o)
[681] /Applications/Marmalade.app/Contents/s3e/lib/x86/darwin/libc.a(lib_a-div.o)
[682] /Applications/Marmalade.app/Contents/s3e/lib/x86/darwin/libc.a(lib_a-envlock.o)
[683] /Applications/Marmalade.app/Contents/s3e/lib/x86/darwin/libc.a(lib_a-errno.o)
[684] /Applications/Marmalade.app/Contents/s3e/lib/x86/darwin/libc.a(lib_a-fclose.o)
[685] /Applications/Marmalade.app/Contents/s3e/lib/x86/darwin/libc.a(lib_a-feof.o)
[686] /Applications/Marmalade.app/Contents/s3e/lib/x86/darwin/libc.a(lib_a-fflush.o)
[687] /Applications/Marmalade.app/Contents/s3e/lib/x86/darwin/libc.a(lib_a-fgetpos.o)
[688] /Applications/Marmalade.app/Contents/s3e/lib/x86/darwin/libc.a(lib_a-findfp.o)
[689] /Applications/Marmalade.app/Contents/s3e/lib/x86/darwin/libc.a(lib_a-fprintf.o)
[690] /Applications/Marmalade.app/Contents/s3e/lib/x86/darwin/libc.a(lib_a-fputs.o)
[691] /Applications/Marmalade.app/Contents/s3e/lib/x86/darwin/libc.a(lib_a-fputwc.o)
[692] /Applications/Marmalade.app/Contents/s3e/lib/x86/darwin/libc.a(lib_a-fread.o)
[693] /Applications/Marmalade.app/Contents/s3e/lib/x86/darwin/libc.a(lib_a-fseek.o)
[694] /Applications/Marmalade.app/Contents/s3e/lib/x86/darwin/libc.a(lib_a-fsetpos.o)
[695] /Applications/Marmalade.app/Contents/s3e/lib/x86/darwin/libc.a(lib_a-fstatr.o)
[696] /Applications/Marmalade.app/Contents/s3e/lib/x86/darwin/libc.a(lib_a-ftell.o)
[697] /Applications/Marmalade.app/Contents/s3e/lib/x86/darwin/libc.a(lib_a-fvwrite.o)
[698] /Applications/Marmalade.app/Contents/s3e/lib/x86/darwin/libc.a(lib_a-fwalk.o)
[699] /Applications/Marmalade.app/Contents/s3e/lib/x86/darwin/libc.a(lib_a-fwrite.o)
[700] /Applications/Marmalade.app/Contents/s3e/lib/x86/darwin/libc.a(lib_a-gdtoa-gethex.o)
[701] /Applications/Marmalade.app/Contents/s3e/lib/x86/darwin/libc.a(lib_a-gdtoa-hexnan.o)
[702] /Applications/Marmalade.app/Contents/s3e/lib/x86/darwin/libc.a(lib_a-getc.o)
[703] /Applications/Marmalade.app/Contents/s3e/lib/x86/darwin/libc.a(lib_a-getenv_r.o)
[704] /Applications/Marmalade.app/Contents/s3e/lib/x86/darwin/libc.a(lib_a-gettimeofdayr.o)
[705] /Applications/Marmalade.app/Contents/s3e/lib/x86/darwin/libc.a(lib_a-gettzinfo.o)
[706] /Applications/Marmalade.app/Contents/s3e/lib/x86/darwin/libc.a(lib_a-impure.o)
[707] /Applications/Marmalade.app/Contents/s3e/lib/x86/darwin/libc.a(lib_a-isattyr.o)
[708] /Applications/Marmalade.app/Contents/s3e/lib/x86/darwin/libc.a(lib_a-isspace.o)
[709] /Applications/Marmalade.app/Contents/s3e/lib/x86/darwin/libc.a(lib_a-iswspace.o)
[710] /Applications/Marmalade.app/Contents/s3e/lib/x86/darwin/libc.a(lib_a-jp2uc.o)
[711] /Applications/Marmalade.app/Contents/s3e/lib/x86/darwin/libc.a(lib_a-ldtoa.o)
[712] /Applications/Marmalade.app/Contents/s3e/lib/x86/darwin/libc.a(lib_a-locale.o)
[713] /Applications/Marmalade.app/Contents/s3e/lib/x86/darwin/libc.a(lib_a-lseekr.o)
[714] /Applications/Marmalade.app/Contents/s3e/lib/x86/darwin/libc.a(lib_a-makebuf.o)
[715] /Applications/Marmalade.app/Contents/s3e/lib/x86/darwin/libc.a(lib_a-mbrtowc.o)
[716] /Applications/Marmalade.app/Contents/s3e/lib/x86/darwin/libc.a(lib_a-mbtowc_r.o)
[717] /Applications/Marmalade.app/Contents/s3e/lib/x86/darwin/libc.a(lib_a-memchr.o)
[718] /Applications/Marmalade.app/Contents/s3e/lib/x86/darwin/libc.a(lib_a-memcmp.o)
[719] /Applications/Marmalade.app/Contents/s3e/lib/x86/darwin/libc.a(lib_a-memcpy.o)
[720] /Applications/Marmalade.app/Contents/s3e/lib/x86/darwin/libc.a(lib_a-memmove.o)
[721] /Applications/Marmalade.app/Contents/s3e/lib/x86/darwin/libc.a(lib_a-memset.o)
[722] /Applications/Marmalade.app/Contents/s3e/lib/x86/darwin/libc.a(lib_a-mktime.o)
[723] /Applications/Marmalade.app/Contents/s3e/lib/x86/darwin/libc.a(lib_a-mktm_r.o)
[724] /Applications/Marmalade.app/Contents/s3e/lib/x86/darwin/libc.a(lib_a-mprec.o)
[725] /Applications/Marmalade.app/Contents/s3e/lib/x86/darwin/libc.a(lib_a-printf.o)
[726] /Applications/Marmalade.app/Contents/s3e/lib/x86/darwin/libc.a(lib_a-putc.o)
[727] /Applications/Marmalade.app/Contents/s3e/lib/x86/darwin/libc.a(lib_a-puts.o)
[728] /Applications/Marmalade.app/Contents/s3e/lib/x86/darwin/libc.a(lib_a-rand.o)
[729] /Applications/Marmalade.app/Contents/s3e/lib/x86/darwin/libc.a(lib_a-readr.o)
[730] /Applications/Marmalade.app/Contents/s3e/lib/x86/darwin/libc.a(lib_a-refill.o)
[731] /Applications/Marmalade.app/Contents/s3e/lib/x86/darwin/libc.a(lib_a-rget.o)
[732] /Applications/Marmalade.app/Contents/s3e/lib/x86/darwin/libc.a(lib_a-sccl.o)
[733] /Applications/Marmalade.app/Contents/s3e/lib/x86/darwin/libc.a(lib_a-setvbuf.o)
[734] /Applications/Marmalade.app/Contents/s3e/lib/x86/darwin/libc.a(lib_a-snprintf.o)
[735] /Applications/Marmalade.app/Contents/s3e/lib/x86/darwin/libc.a(lib_a-sprintf.o)
[736] /Applications/Marmalade.app/Contents/s3e/lib/x86/darwin/libc.a(lib_a-sscanf.o)
[737] /Applications/Marmalade.app/Contents/s3e/lib/x86/darwin/libc.a(lib_a-stdio.o)
[738] /Applications/Marmalade.app/Contents/s3e/lib/x86/darwin/libc.a(lib_a-strcasecmp.o)
[739] /Applications/Marmalade.app/Contents/s3e/lib/x86/darwin/libc.a(lib_a-strcat.o)
[740] /Applications/Marmalade.app/Contents/s3e/lib/x86/darwin/libc.a(lib_a-strchr.o)
[741] /Applications/Marmalade.app/Contents/s3e/lib/x86/darwin/libc.a(lib_a-strcmp.o)
[742] /Applications/Marmalade.app/Contents/s3e/lib/x86/darwin/libc.a(lib_a-strcpy.o)
[743] /Applications/Marmalade.app/Contents/s3e/lib/x86/darwin/libc.a(lib_a-strlen.o)
[744] /Applications/Marmalade.app/Contents/s3e/lib/x86/darwin/libc.a(lib_a-strncat.o)
[745] /Applications/Marmalade.app/Contents/s3e/lib/x86/darwin/libc.a(lib_a-strncmp.o)
[746] /Applications/Marmalade.app/Contents/s3e/lib/x86/darwin/libc.a(lib_a-strncpy.o)
[747] /Applications/Marmalade.app/Contents/s3e/lib/x86/darwin/libc.a(lib_a-strrchr.o)
[748] /Applications/Marmalade.app/Contents/s3e/lib/x86/darwin/libc.a(lib_a-strstr.o)
[749] /Applications/Marmalade.app/Contents/s3e/lib/x86/darwin/libc.a(lib_a-strtod.o)
[750] /Applications/Marmalade.app/Contents/s3e/lib/x86/darwin/libc.a(lib_a-strtol.o)
[751] /Applications/Marmalade.app/Contents/s3e/lib/x86/darwin/libc.a(lib_a-strtoll_r.o)
[752] /Applications/Marmalade.app/Contents/s3e/lib/x86/darwin/libc.a(lib_a-strtoul.o)
[753] /Applications/Marmalade.app/Contents/s3e/lib/x86/darwin/libc.a(lib_a-strtoull_r.o)
[754] /Applications/Marmalade.app/Contents/s3e/lib/x86/darwin/libc.a(lib_a-svfiprintf.o)
[755] /Applications/Marmalade.app/Contents/s3e/lib/x86/darwin/libc.a(lib_a-svfiscanf.o)
[756] /Applications/Marmalade.app/Contents/s3e/lib/x86/darwin/libc.a(lib_a-svfprintf.o)
[757] /Applications/Marmalade.app/Contents/s3e/lib/x86/darwin/libc.a(lib_a-svfscanf.o)
[758] /Applications/Marmalade.app/Contents/s3e/lib/x86/darwin/libc.a(lib_a-sysfstat.o)
[759] /Applications/Marmalade.app/Contents/s3e/lib/x86/darwin/libc.a(lib_a-time.o)
[760] /Applications/Marmalade.app/Contents/s3e/lib/x86/darwin/libc.a(lib_a-tolower.o)
[761] /Applications/Marmalade.app/Contents/s3e/lib/x86/darwin/libc.a(lib_a-tzlock.o)
[762] /Applications/Marmalade.app/Contents/s3e/lib/x86/darwin/libc.a(lib_a-tzset.o)
[763] /Applications/Marmalade.app/Contents/s3e/lib/x86/darwin/libc.a(lib_a-tzset_r.o)
[764] /Applications/Marmalade.app/Contents/s3e/lib/x86/darwin/libc.a(lib_a-tzvars.o)
[765] /Applications/Marmalade.app/Contents/s3e/lib/x86/darwin/libc.a(lib_a-ungetc.o)
[766] /Applications/Marmalade.app/Contents/s3e/lib/x86/darwin/libc.a(lib_a-vfiprintf.o)
[767] /Applications/Marmalade.app/Contents/s3e/lib/x86/darwin/libc.a(lib_a-vfprintf.o)
[768] /Applications/Marmalade.app/Contents/s3e/lib/x86/darwin/libc.a(lib_a-vsnprintf.o)
[769] /Applications/Marmalade.app/Contents/s3e/lib/x86/darwin/libc.a(lib_a-wbuf.o)
[770] /Applications/Marmalade.app/Contents/s3e/lib/x86/darwin/libc.a(lib_a-wcrtomb.o)
[771] /Applications/Marmalade.app/Contents/s3e/lib/x86/darwin/libc.a(lib_a-wcsnrtombs.o)
[772] /Applications/Marmalade.app/Contents/s3e/lib/x86/darwin/libc.a(lib_a-wcsrtombs.o)
[773] /Applications/Marmalade.app/Contents/s3e/lib/x86/darwin/libc.a(lib_a-wctomb_r.o)
[774] /Applications/Marmalade.app/Contents/s3e/lib/x86/darwin/libc.a(lib_a-writer.o)
[775] /Applications/Marmalade.app/Contents/s3e/lib/x86/darwin/libc.a(lib_a-wsetup.o)
[776] /Applications/Xcode.app/Contents/Developer/Platforms/MacOSX.platform/Developer/SDKs/MacOSX10.10.sdk/usr/lib/libSystem.dylib
# Sections:
# Address	Size    	Segment	Section
0x00001240	0x0009940C	__TEXT	__text
0x0009A64C	0x0000003C	__TEXT	__symbol_stub
0x0009A688	0x00000070	__TEXT	__stub_helper
0x0009A6F8	0x00008F9E	__TEXT	__cstring
0x000A36A0	0x000066E8	__TEXT	__const
0x000A9D88	0x00000016	__TEXT	__ustring
0x000A9DA0	0x00001258	__TEXT	__unwind_info
0x000AB000	0x00000498	__DATA	__nl_symbol_ptr
0x000AB498	0x00000028	__DATA	__la_symbol_ptr
0x000AB4C0	0x0000005C	__DATA	__mod_init_func
0x000AB520	0x0000123C	__DATA	__const
0x000AC760	0x000048C0	__DATA	__data
0x000B1020	0x00012AE0	__DATA	__common
0x000C3B00	0x00006A76	__DATA	__bss
# Symbols:
# Address	Size    	File  Name
0x00001240	0x000000A0	[  1] __ZN4_STL12basic_stringIcNS_11char_traitsIcEENS_9allocatorIcEEE6assignEPKcS7_
0x000012E0	0x0000013C	[  1] __ZN4_STL12basic_stringIcNS_11char_traitsIcEENS_9allocatorIcEEE6appendIPKcEERS5_T_SA_RKNS_20forward_iterator_tagE
0x00001420	0x000001C0	[  4] __Z11doubleToStrd
0x000015E0	0x00000BD3	[  4] _main
0x000021C0	0x00000160	[  4] __ZN4_STL18basic_stringstreamIcNS_11char_traitsIcEENS_9allocatorIcEEEC1Ei
0x00002320	0x00000070	[  4] __ZN4_STL18basic_stringstreamIcNS_11char_traitsIcEENS_9allocatorIcEEED1Ev
0x00002390	0x00000120	[  4] __ZN4_STL10_M_put_numIcNS_11char_traitsIcEEdEERNS_13basic_ostreamIT_T0_EES7_T1_
0x000024B0	0x000000A0	[  4] __ZN4_STL7_M_initIcNS_11char_traitsIcEEEEbRNS_13basic_ostreamIT_T0_EE
0x00002550	0x00000070	[  4] __ZThn8_N4_STL18basic_stringstreamIcNS_11char_traitsIcEENS_9allocatorIcEEED1Ev
0x000025C0	0x00000080	[  4] __ZTv0_n12_N4_STL18basic_stringstreamIcNS_11char_traitsIcEENS_9allocatorIcEEED1Ev
0x00002640	0x00000020	[  4] __ZN4_STL14basic_iostreamIcNS_11char_traitsIcEEED1Ev
0x00002660	0x00000020	[  4] __ZN4_STL14basic_iostreamIcNS_11char_traitsIcEEED0Ev
0x00002680	0x00000020	[  4] __ZThn8_N4_STL14basic_iostreamIcNS_11char_traitsIcEEED1Ev
0x000026A0	0x00000030	[  4] __ZThn8_N4_STL14basic_iostreamIcNS_11char_traitsIcEEED0Ev
0x000026D0	0x00000020	[  4] __ZTv0_n12_N4_STL14basic_iostreamIcNS_11char_traitsIcEEED1Ev
0x000026F0	0x00000030	[  4] __ZTv0_n12_N4_STL14basic_iostreamIcNS_11char_traitsIcEEED0Ev
0x00002720	0x00000020	[  4] __ZN4_STL13basic_istreamIcNS_11char_traitsIcEEED1Ev
0x00002740	0x00000020	[  4] __ZN4_STL13basic_istreamIcNS_11char_traitsIcEEED0Ev
0x00002760	0x00000020	[  4] __ZTv0_n12_N4_STL13basic_istreamIcNS_11char_traitsIcEEED1Ev
0x00002780	0x00000030	[  4] __ZTv0_n12_N4_STL13basic_istreamIcNS_11char_traitsIcEEED0Ev
0x000027B0	0x00000020	[  4] __ZN4_STL13basic_ostreamIcNS_11char_traitsIcEEED1Ev
0x000027D0	0x00000020	[  4] __ZN4_STL13basic_ostreamIcNS_11char_traitsIcEEED0Ev
[...]
0x000B40D0	0x00000004	[283] _g_IwGLExtFn_glClearDepthxOES
0x000B40D4	0x00000004	[283] _g_IwGLExtFn_glClipPlanexOES
0x000B40D8	0x00000004	[283] _g_IwGLExtFn_glColor4xOES
0x000B40DC	0x00000004	[283] _g_IwGLExtFn_glDepthRangexOES
0x000B40E0	0x00000004	[283] _g_IwGLExtFn_glFogxOES
0x000B40E4	0x00000004	[283] _g_IwGLExtFn_glFogxvOES
0x000B40E8	0x00000004	[283] _g_IwGLExtFn_glFrustumxOES
0x000B40EC	0x00000004	[283] _g_IwGLExtFn_glGetClipPlanexOES
0x000B40F0	0x00000004	[283] _g_IwGLExtFn_glGetFixedvOES
0x000B40F4	0x00000004	[283] _g_IwGLExtFn_glGetLightxvOES
0x000B40F8	0x00000004	[283] _g_IwGLExtFn_glGetMaterialxvOES
0x000B40FC	0x00000004	[283] _g_IwGLExtFn_glGetTexEnvxvOES
0x000B4100	0x00000004	[283] _g_IwGLExtFn_glGetTexParameterxvOES
0x000B4104	0x00000004	[283] _g_IwGLExtFn_glLightModelxOES
0x000B4108	0x00000004	[283] _g_IwGLExtFn_glLightModelxvOES
0x000B410C	0x00000004	[283] _g_IwGLExtFn_glLightxOES
0x000B4110	0x00000004	[283] _g_IwGLExtFn_glLightxvOES
0x000B4114	0x00000004	[283] _g_IwGLExtFn_glLineWidthxOES
0x000B4118	0x00000004	[283] _g_IwGLExtFn_glLoadMatrixxOES
0x000B411C	0x00000004	[283] _g_IwGLExtFn_glMaterialxOES
0x000B4120	0x00000004	[283] _g_IwGLExtFn_glMaterialxvOES
0x000B4124	0x00000004	[283] _g_IwGLExtFn_glMultMatrixxOES
0x000B4128	0x00000004	[283] _g_IwGLExtFn_glMultiTexCoord4xOES
0x000B412C	0x00000004	[283] _g_IwGLExtFn_glNormal3xOES
0x000B4130	0x00000004	[283] _g_IwGLExtFn_glOrthoxOES
0x000B4134	0x00000004	[283] _g_IwGLExtFn_glPointParameterxOES
0x000B4138	0x00000004	[283] _g_IwGLExtFn_glPointParameterxvOES
0x000B413C	0x00000004	[283] _g_IwGLExtFn_glPointSizexOES
0x000B4140	0x00000004	[283] _g_IwGLExtFn_glPolygonOffsetxOES
0x000B4144	0x00000004	[283] _g_IwGLExtFn_glRotatexOES
0x000B4148	0x00000004	[283] _g_IwGLExtFn_glSampleCoveragexOES
0x000B414C	0x00000004	[283] _g_IwGLExtFn_glScalexOES
0x000B4150	0x00000004	[283] _g_IwGLExtFn_glTexEnvxOES
0x000B4154	0x00000004	[283] _g_IwGLExtFn_glTexEnvxvOES
0x000B4158	0x00000004	[283] _g_IwGLExtFn_glTexParameterxOES
0x000B415C	0x00000004	[283] _g_IwGLExtFn_glTexParameterxvOES
0x000B4160	0x00000004	[283] _g_IwGLExtFn_glTranslatexOES
0x000B4164	0x00000004	[283] _g_IwGLExtFn_glCurrentPaletteMatrixOES
0x000B4168	0x00000004	[283] _g_IwGLExtFn_glLoadPaletteFromModelViewMatrixOES
0x000B416C	0x00000004	[283] _g_IwGLExtFn_glMatrixIndexPointerOES
0x000B4170	0x00000004	[283] _g_IwGLExtFn_glWeightPointerOES
0x000B4174	0x00000004	[283] _g_IwGLExtFn_glRenderbufferStorageMultisampleIMG
0x000B4178	0x00000004	[283] _g_IwGLExtFn_glFramebufferTexture2DMultisampleIMG
0x000B417C	0x00000004	[283] _g_IwGLExtFn_glRenderbufferStorageMultisampleAPPLE
0x000B4180	0x00000004	[283] _g_IwGLExtFn_glResolveMultisampleFramebufferAPPLE
0x000B4184	0x00000004	[283] _g_IwGLExtFn_glBlendFuncSeparateOES
0x000B4188	0x00000004	[283] _g_IwGLExtFn_glEGLImageTargetTexture2DOES
0x000B418C	0x00000004	[283] _g_IwGLExtFn_glEGLImageTargetRenderbufferStorageOES
0x000B4190	0x00000004	[283] _g_IwGLExtFn_glExtGetTexturesQCOM
0x000B4194	0x00000004	[283] _g_IwGLExtFn_glExtGetBuffersQCOM
0x000B4198	0x00000004	[283] _g_IwGLExtFn_glExtGetRenderbuffersQCOM
0x000B419C	0x00000004	[283] _g_IwGLExtFn_glExtGetFramebuffersQCOM
0x000B41A0	0x00000004	[283] _g_IwGLExtFn_glExtGetTexLevelParameterivQCOM
0x000B41A4	0x00000004	[283] _g_IwGLExtFn_glExtTexObjectStateOverrideiQCOM
0x000B41A8	0x00000004	[283] _g_IwGLExtFn_glExtGetTexSubImageQCOM
0x000B41AC	0x00000004	[283] _g_IwGLExtFn_glExtGetBufferPointervQCOM
0x000B41B0	0x00000004	[283] _g_IwGLExtFn_glStartTilingQCOM
0x000B41B4	0x00000004	[283] _g_IwGLExtFn_glEndTilingQCOM
0x000B41B8	0x00000004	[283] _g_IwGLExtFn_glDrawTexsOES
0x000B41BC	0x00000004	[283] _g_IwGLExtFn_glDrawTexiOES
0x000B41C0	0x00000004	[283] _g_IwGLExtFn_glDrawTexxOES
0x000B41C4	0x00000004	[283] _g_IwGLExtFn_glDrawTexsvOES
0x000B41C8	0x00000004	[283] _g_IwGLExtFn_glDrawTexivOES
0x000B41CC	0x00000004	[283] _g_IwGLExtFn_glDrawTexxvOES
0x000B41D0	0x00000004	[283] _g_IwGLExtFn_glDrawTexfOES
0x000B41D4	0x00000004	[283] _g_IwGLExtFn_glDrawTexfvOES
0x000B41D8	0x00000004	[283] _g_IwGLExtFn_glQueryMatrixxOES
0x000B41DC	0x00000004	[283] _g_IwGLExtFn_glMultiDrawArraysEXT
0x000B41E0	0x00000004	[283] _g_IwGLExtFn_glMultiDrawElementsEXT
0x000B41E4	0x00000004	[283] _g_IwGLExtFn_glBindVertexArrayOES
0x000B41E8	0x00000004	[283] _g_IwGLExtFn_glDeleteVertexArraysOES
0x000B41EC	0x00000004	[283] _g_IwGLExtFn_glGenVertexArraysOES
0x000B41F0	0x00000004	[283] _g_IwGLExtFn_glIsVertexArrayOES
0x000B41F4	0x00000004	[283] _g_IwGLExtFn_glGetDriverControlsQCOM
0x000B41F8	0x00000004	[283] _g_IwGLExtFn_glGetDriverControlStringQCOM
0x000B41FC	0x00000004	[283] _g_IwGLExtFn_glEnableDriverControlQCOM
0x000B4200	0x00000004	[283] _g_IwGLExtFn_glDisableDriverControlQCOM
0x000B4204	0x00000004	[284] _fbo_glIsRenderbuffer
0x000B4208	0x00000004	[284] _fbo_glBindRenderbuffer
0x000B420C	0x00000004	[284] _fbo_glDeleteRenderbuffers
0x000B4210	0x00000004	[284] _fbo_glGenRenderbuffers
0x000B4214	0x00000004	[284] _fbo_glRenderbufferStorage
0x000B4218	0x00000004	[284] _fbo_glGetRenderbufferParameteriv
0x000B421C	0x00000004	[284] _fbo_glIsFramebuffer
0x000B4220	0x00000004	[284] _fbo_glBindFramebuffer
0x000B4224	0x00000004	[284] _fbo_glDeleteFramebuffers
0x000B4228	0x00000004	[284] _fbo_glGenFramebuffers
0x000B422C	0x00000004	[284] _fbo_glCheckFramebufferStatus
0x000B4230	0x00000004	[284] _fbo_glFramebufferRenderbuffer
0x000B4234	0x00000004	[284] _fbo_glFramebufferTexture2D
0x000B4238	0x00000004	[284] _fbo_glGetFramebufferAttachmentParameteriv
0x000B423C	0x00000004	[284] _fbo_glGenerateMipmap
0x000B4240	0x00000014	[284] _g_IwGLFBOs
0x000B4254	0x00000014	[284] _g_IwGLRBOs
0x000B4268	0x00000004	[284] _g_IwGLCurrentFBO
0x000B426C	0x00000004	[284] _g_IwGLCurrentRBO
0x000B4270	0x00000014	[286] _g_IwGLFeedbacks
0x000B4284	0x00000014	[288] _g_IwGLQueries
0x000B4298	0x00000014	[290] _g_IwGLShaders
0x000B42AC	0x00000014	[290] _g_IwGLPrograms
0x000B42C0	0x00000004	[290] _g_IwGLCurrentProgramObj
0x000B42C4	0x00000004	[290] _g_IwGLCurrentProgram
0x000B42C8	0x00000001	[290] _g_IwGLAllowNegativeLocations
0x000B42CC	0x00000004	[292] _g_IwGLCachedState
0x000B42D0	0x00000014	[293] _g_IwGLTextures
0x000B42E4	0x00000014	[293] _g_IwGLSamplers
0x000B42F8	0x00000004	[293] _g_IwGLActiveTexture
0x000B42FC	0x00000004	[293] _g_IwGLMaxTexture
0x000B4300	0x00000004	[293] _g_IwGLCurrentTex
0x000B4304	0x00000004	[293] _g_IwGLCurrentSampler
0x000B4308	0x00000004	[293] _g_IwGLAllowTextureAllocInBind
0x000B430C	0x00000014	[295] _g_IwGLVAOs
0x000B4320	0x00000014	[296] _g_IwGLVBOs
0x000B4334	0x00000020	[296] _g_IwGLCurrentVBO
0x000B4354	0x00000600	[296] _g_IwGLCurrentBindBase
0x000B4954	0x00000020	[296] _g_IwGLMappedBuffer
0x000B4974	0x00000040	[296] _g_IwGLMappedBufferValues
0x000B49B4	0x00000004	[298] _g_IwGLMatrixMode
0x000B49B8	0x00000001	[298] _g_IwGLSuppressFBOWarning
0x000B49B9	0x00000003	[298] _g_IwGLRTBound
0x000B49BC	0x00000010	[298] _g_IwGLViewport
0x000B49CC	0x00000010	[298] _g_IwGLScissor
0x000B49DC	0x00000004	[298] _g_IwGLWidth
0x000B49E0	0x00000004	[298] _g_IwGLHeight
0x000B49E4	0x00000004	[298] _g_IwGLBlitDir
0x000B49E8	0x00000004	[298] _g_IwGLVirtualX
0x000B49EC	0x00000004	[298] _g_IwGLVirtualY
0x000B49F0	0x00000004	[298] _g_IwGLVirtualWidth
0x000B49F4	0x00000004	[298] _g_IwGLVirtualHeight
0x000B49F8	0x00000004	[298] _g_IwGLVirtualRot
0x000B49FC	0x00000030	[301] __ZN7CIwFMat10g_IdentityE
0x000B4A2C	0x00000018	[302] __ZN9CIwFMat2D10g_IdentityE
0x000B4A44	0x00000008	[304] __ZN8CIwFVec26g_ZeroE
0x000B4A4C	0x00000008	[304] __ZN8CIwFVec27g_AxisXE
0x000B4A54	0x00000008	[304] __ZN8CIwFVec27g_AxisYE
0x000B4A5C	0x0000000C	[305] __ZN8CIwFVec36g_ZeroE
0x000B4A68	0x0000000C	[305] __ZN8CIwFVec37g_AxisXE
0x000B4A74	0x0000000C	[305] __ZN8CIwFVec37g_AxisYE
0x000B4A80	0x0000000C	[305] __ZN8CIwFVec37g_AxisZE
0x000B4A8C	0x00000010	[306] __ZN8CIwFVec46g_ZeroE
0x000B4A9C	0x00000010	[306] __ZN8CIwFVec47g_AxisXE
0x000B4AAC	0x00000010	[306] __ZN8CIwFVec47g_AxisYE
0x000B4ABC	0x00000010	[306] __ZN8CIwFVec47g_AxisZE
0x000B4ACC	0x00000010	[306] __ZN8CIwFVec47g_AxisWE
0x000B4ADC	0x00000030	[307] __ZN6CIwMat10g_IdentityE
0x000B4B0C	0x00000018	[308] __ZN8CIwMat2D10g_IdentityE
0x000B4B24	0x0000000C	[309] __ZN8CIwPlane4g_YZE
0x000B4B30	0x0000000C	[309] __ZN8CIwPlane4g_XZE
0x000B4B3C	0x0000000C	[309] __ZN8CIwPlane4g_XYE
0x000B4B48	0x00000004	[312] __ZN8CIwSVec26g_ZeroE
0x000B4B4C	0x00000004	[312] __ZN8CIwSVec27g_AxisXE
0x000B4B50	0x00000004	[312] __ZN8CIwSVec27g_AxisYE
0x000B4B54	0x00000006	[313] __ZN8CIwSVec36g_ZeroE
0x000B4B5A	0x00000006	[313] __ZN8CIwSVec37g_AxisXE
0x000B4B60	0x00000006	[313] __ZN8CIwSVec37g_AxisYE
0x000B4B66	0x00000006	[313] __ZN8CIwSVec37g_AxisZE
0x000B4B6C	0x00000008	[314] __ZN8CIwSVec46g_ZeroE
0x000B4B74	0x00000008	[314] __ZN8CIwSVec47g_AxisXE
0x000B4B7C	0x00000008	[314] __ZN8CIwSVec47g_AxisYE
0x000B4B84	0x00000008	[314] __ZN8CIwSVec47g_AxisZE
0x000B4B8C	0x00000008	[314] __ZN8CIwSVec47g_AxisWE
0x000B4B94	0x00004004	[315] _g_SqrtTable
0x000B8B98	0x00004000	[315] _g_InverseSqrtTable
0x000BCB98	0x00000008	[316] __ZN7CIwVec26g_ZeroE
0x000BCBA0	0x00000008	[316] __ZN7CIwVec27g_AxisXE
0x000BCBA8	0x00000008	[316] __ZN7CIwVec27g_AxisYE
0x000BCBB0	0x0000000C	[317] __ZN7CIwVec36g_ZeroE
0x000BCBBC	0x0000000C	[317] __ZN7CIwVec37g_AxisXE
0x000BCBC8	0x0000000C	[317] __ZN7CIwVec37g_AxisYE
0x000BCBD4	0x0000000C	[317] __ZN7CIwVec37g_AxisZE
0x000BCBE0	0x00000010	[318] __ZN7CIwVec46g_ZeroE
0x000BCBF0	0x00000010	[318] __ZN7CIwVec47g_AxisXE
0x000BCC00	0x00000010	[318] __ZN7CIwVec47g_AxisYE
0x000BCC10	0x00000010	[318] __ZN7CIwVec47g_AxisZE
0x000BCC20	0x00000010	[318] __ZN7CIwVec47g_AxisWE
0x000BCC30	0x00000004	[320] _s_ResSearchGroup
0x000BCC34	0x00000004	[320] _g_IwResManager
0x000BCC38	0x00000004	[322] _g_IwGxFontTextureMaxSize
0x000BCC3C	0x00000004	[322] _g_IwGxFontCacheTextureMaxSize
0x000BCC40	0x00000004	[322] _g_IwGxFontEnableTTFKerning
0x000BCC44	0x00000004	[322] _g_TestWinAscent
0x000BCC48	0x00000010	[326] _g_Caches
0x000BCC58	0x00000004	[327] _g_pFactoryInstance
0x000BCC5C	0x00000004	[330] _g_IwGxFontState
0x000BCC60	0x00000068	[338] __ZN4_STL3cinE
0x000BCCC8	0x00000064	[338] __ZN4_STL4coutE
0x000BCD2C	0x00000064	[338] __ZN4_STL4cerrE
0x000BCD90	0x00000064	[338] __ZN4_STL4clogE
0x000BCDF4	0x00000068	[338] __ZN4_STL4wcinE
0x000BCE5C	0x00000064	[338] __ZN4_STL5wcoutE
0x000BCEC0	0x00000064	[338] __ZN4_STL5wcerrE
0x000BCF24	0x00000064	[338] __ZN4_STL5wclogE
0x000BCF88	0x00000004	[338] __ZN4_STL8ios_base4Init8_S_countE
0x000BCF8C	0x00000004	[339] __ZN4_STL12_Locale_impl14_S_global_implE
0x000BCF90	0x00000004	[339] __ZN4_STL8ios_base9_Loc_init8_S_countE
0x000BCF94	0x0000000C	[341] __ZN4_STL15_S_empty_stringE
0x000BCFA0	0x0000000C	[341] __ZN4_STL16_S_empty_wstringE
0x000BCFAC	0x0000000C	[346] __ZN4_STL8numpunctIcE11_M_truenameE
0x000BCFB8	0x0000000C	[346] __ZN4_STL8numpunctIcE12_M_falsenameE
0x000BCFC4	0x0000000C	[346] __ZN4_STL8numpunctIcE11_M_groupingE
0x000BCFD0	0x0000000C	[346] __ZN4_STL8numpunctIwE11_M_truenameE
0x000BCFDC	0x0000000C	[346] __ZN4_STL8numpunctIwE12_M_falsenameE
0x000BCFE8	0x0000000C	[346] __ZN4_STL8numpunctIwE11_M_groupingE
0x000BCFF4	0x00000004	[353] _g_DelayedCreationLock
0x000BCFF8	0x00000004	[353] _g_CrtFilesLock
0x000BCFFC	0x00000004	[353] _g_CrtOpenDirsLock
0x000BD000	0x00000004	[353] _g_CrtSockets
0x000BD004	0x00000004	[353] ___s3eStackBase
0x000BD008	0x00000004	[358] _g_PThreadChecked
0x000BD00C	0x00000004	[358] _g_PThreadPresent
0x000BD010	0x00000004	[362] _g_StdinLen
0x000BD014	0x00000004	[366] _g_TLS
0x000BD018	0x00000C08	[368] _g_DebugGlobals
0x000BDC20	0x00005DC0	[375] _g_ExitFuncsAndArgs
0x000C39E0	0x00000004	[375] _g_ExitFuncsAndArgsOverspillBegin
0x000C39E4	0x00000004	[375] _g_ExitFuncsAndArgsOverspillEnd
0x000C39E8	0x00000004	[375] _g_ExitFuncsRegistered
0x000C39F0	0x00000008	[ 37] _alphadec
0x000C3A00	0x00000100	[700] ___hexdig
0x000C3B00	0x00000001	[  4] __ZN4_STLL8_LocInitE
0x000C3B01	0x00000001	[  4] __ZN4_STLL8_IosInitE
0x000C3B02	0x00000001	[  5] __ZN4_STLL8_LocInitE
0x000C3B03	0x00000001	[  5] __ZN4_STLL8_IosInitE
0x000C3B04	0x00000001	[  6] __ZN4_STLL8_LocInitE
0x000C3B05	0x00000001	[  6] __ZN4_STLL8_IosInitE
0x000C3B06	0x00000001	[  7] __ZN4_STLL8_LocInitE
0x000C3B07	0x00000001	[  7] __ZN4_STLL8_IosInitE
0x000C3B08	0x00000001	[  8] __ZN4_STLL8_LocInitE
0x000C3B09	0x00000001	[  8] __ZN4_STLL8_IosInitE
0x000C3B0C	0x00000004	[ 12] __ZL13s_ReadGlobals
0x000C3B10	0x00000004	[ 12] __ZL14s_ReadPrefixes
0x000C3B14	0x00000004	[ 12] __ZL13s_WritePrefix
0x000C3B18	0x00000004	[ 13] __ZL18s_IwHashFactoryFns
0x000C3B1C	0x00000400	[ 14] __ZL3map
0x000C3F1C	0x00000400	[ 14] __ZL5remap
0x000C431C	0x00000004	[ 17] __ZL7Private
0x000C4320	0x00000034	[ 17] __ZL9CodeMasks
0x000C4354	0x00000004	[ 17] __ZL7DataLen
0x000C4358	0x00000004	[ 17] __ZL7BuffPos
0x000C435C	0x00000001	[ 20] __ZZ15ReformatPNGDataPhS_P9PNGHeaderP8CIwImageE3val
0x000C435D	0x00000003	[ 20] __ZZ15ReformatPNGDataPhS_P9PNGHeaderP8CIwImageE3val_0
0x000C4360	0x00000004	[ 20] __ZL18s_pPNGDecompBuffer
0x000C4364	0x00000004	[ 20] __ZL23s_PNGDecompBufferCursor
0x000C4368	0x00000004	[ 26] __ZL13s_CallbackPre
0x000C436C	0x00000004	[ 26] __ZL14s_CallbackPost
0x000C4370	0x00000008	[ 27] __ZL23s_SystemMemoryPlacement
0x000C4378	0x00000004	[ 27] __ZL15s_FailBehaviour
0x000C437C	0x00000004	[ 27] __ZL21s_IwMemBucketSelector
0x000C4380	0x00000004	[ 27] __ZL18s_IwMemBucketForce
0x000C4384	0x00000004	[ 29] __ZL1X
0x000C4388	0x00000004	[ 36] __ZL13s_Initialised
0x000C4390	0x00000008	[ 37] _gamma_correction
0x000C4398	0x00002000	[ 37] _network
0x000C6398	0x00000004	[ 37] _thepicture
0x000C639C	0x00000004	[ 37] _lengthcount
0x000C63A0	0x00000008	[ 37] _netsize
0x000C63A8	0x00000800	[ 37] _biasvalues
0x000C6BA8	0x00000800	[ 37] _freq
0x000C73A8	0x00000800	[ 37] _bias
0x000C7BA8	0x00000400	[ 37] _colormap
0x000C7FA8	0x00000400	[ 37] _netindex
0x000C83A8	0x00000100	[ 37] _radpower
0x000C84A8	0x00000004	[ 63] __ZL17g_Iw2DInitialised
0x000C84B0	0x00000008	[ 72] __ZZ33IwGxDefaultContextRestoreCallbackiE7s_Timer
0x000C84B8	0x00000004	[ 72] __ZL9s_Suspend
0x000C84BC	0x00000004	[ 72] __ZL15g_ClearRequired
0x000C84C0	0x00000004	[ 72] __ZL17s_MaxRestoreDepth
0x000C84C4	0x00000001	[ 82] __ZL18s_DefaultDepthMask
0x000C84C8	0x00000100	[ 83] __ZL23s_UserShaderEnvironment
0x000C85C8	0x00000024	[ 83] __ZL12g_BoundArray
0x000C85EC	0x00000024	[ 83] __ZL13g_BoundOffset
0x000C8610	0x00000004	[ 84] __ZZN10CIwTexture24_UploadIndividualImageGLEjR8CIwImageE5s_Col
0x000C8614	0x00000004	[ 90] __ZL24g_SerialiseBakedTextures
0x000C8618	0x00000004	[ 90] __ZL18g_SerialisePadding
0x000C861C	0x00000004	[ 93] __ZL15g_CursorEnabled
0x000C8620	0x00000004	[ 93] __ZL12g_CursorSize
0x000C8624	0x00000004	[104] __ZL17s_IwGxPrintBuffer
0x000C8628	0x00000004	[104] __ZL19s_PrintStringBuffer
0x000C862C	0x00000004	[104] __ZL21s_IwGxPrintBufferSize
0x000C8630	0x00000004	[104] __ZL23s_PrintStringBufferSize
0x000C8634	0x00000004	[104] __ZL20s_IwGxPrintBufferPos
0x000C8638	0x00000004	[104] __ZL17s_NumPrintStrings
0x000C863C	0x00000004	[104] __ZL12s_PrintFlush
0x000C8640	0x00000004	[104] __ZL22s_IwGxPrintFontTexture
0x000C8644	0x000000C4	[104] __ZL28s_IwGxPrintFontTextureBuffer
0x000C8708	0x00000200	[116] __ZL14s_TextureNames
0x000C8908	0x00000080	[116] __ZL18s_VertexShaderName
0x000C8988	0x00000004	[280] __ZL17g_IwGLInitialised
0x000C898C	0x00000004	[282] __ZL17s_EGLMajorVersion
0x000C8990	0x00000004	[282] __ZL17s_EGLMinorVersion
0x000C8994	0x00000004	[300] __ZL13s_Initialised
0x000C8998	0x00000004	[319] __ZL17g_SerialisingList
0x000C899C	0x00000004	[319] __ZL23s_LoadDirEntryRecursion
0x000C89A0	0x00000040	[320] __ZL16s_BuildStylePath
0x000C89E0	0x00000004	[320] __ZL13s_Initialised
0x000C89E8	0x00000010	[321] __ZL29s_IwGxBinaryBlockSerialiseFns
0x000C89FC	0x000000A4	[321] __ZZ29_Serialise_ResGroupChildPathsvE8pathonly
0x000C8AA0	0x00000008	[321] __ZGVZ29_Serialise_ResGroupChildPathsvE8pathonly
0x000C8AA8	0x000000A0	[321] __ZZ29_Serialise_ResGroupChildPathsvE8fileonly
0x000C8B48	0x00000008	[321] __ZGVZ29_Serialise_ResGroupChildPathsvE8fileonly
0x000C8B50	0x00000020	[321] __ZZ29_Serialise_ResGroupChildPathsvE3ext
0x000C8B70	0x00000008	[321] __ZGVZ29_Serialise_ResGroupChildPathsvE3ext
0x000C8B78	0x00000004	[322] __ZL13s_Initialised
0x000C8B7C	0x00000004	[322] __ZL21s_IwGxFontDefaultData
0x000C8B80	0x00000004	[322] __ZL18s_IwGxFontRenderer
0x000C8B84	0x00000004	[324] __ZL22s_ResolvingFontTexture
0x000C8B88	0x00000004	[324] __ZL21s_LegacyResolvingFont
0x000C8B8C	0x00000001	[336] __ZN4_STLL8_LocInitE
0x000C8B90	0x00000004	[339] __ZN4_STLL8_LocInitE
0x000C8B94	0x00000008	[339] __ZN4_STLL14_Null_messagesE
0x000C8B9C	0x00000018	[339] __ZN4_STLL17_S_classic_localeE
0x000C8BB4	0x00000014	[339] __ZN4_STLL13_S_ctype_charE
0x000C8BC8	0x00000010	[339] __ZN4_STLL15_S_collate_charE
0x000C8BD8	0x00000010	[339] __ZN4_STLL15_S_codecvt_charE
0x000C8BE8	0x00000010	[339] __ZN4_STLL16_S_numpunct_charE
0x000C8BF8	0x00000010	[339] __ZN4_STLL15_S_num_get_charE
0x000C8C08	0x00000010	[339] __ZN4_STLL15_S_num_put_charE
0x000C8C18	0x00000228	[339] __ZN4_STLL16_S_time_get_charE
0x000C8E40	0x00000228	[339] __ZN4_STLL16_S_time_put_charE
0x000C9068	0x00000014	[339] __ZN4_STLL23_S_moneypunct_true_charE
0x000C907C	0x00000014	[339] __ZN4_STLL24_S_moneypunct_false_charE
0x000C9090	0x00000010	[339] __ZN4_STLL17_S_money_get_charE
0x000C90A0	0x00000010	[339] __ZN4_STLL17_S_money_put_charE
0x000C90B0	0x00000010	[339] __ZN4_STLL16_S_messages_charE
0x000C90C0	0x00000010	[339] __ZN4_STLL14_S_ctype_wcharE
0x000C90D0	0x00000010	[339] __ZN4_STLL16_S_collate_wcharE
0x000C90E0	0x00000010	[339] __ZN4_STLL16_S_codecvt_wcharE
0x000C90F0	0x00000010	[339] __ZN4_STLL17_S_numpunct_wcharE
0x000C9100	0x00000010	[339] __ZN4_STLL16_S_num_get_wcharE
0x000C9110	0x00000010	[339] __ZN4_STLL16_S_num_put_wcharE
0x000C9120	0x00000228	[339] __ZN4_STLL17_S_time_get_wcharE
0x000C9348	0x00000228	[339] __ZN4_STLL17_S_time_put_wcharE
0x000C9570	0x00000010	[339] __ZN4_STLL17_S_messages_wcharE
0x000C9580	0x00000014	[339] __ZN4_STLL24_S_moneypunct_true_wcharE
0x000C9594	0x00000014	[339] __ZN4_STLL25_S_moneypunct_false_wcharE
0x000C95A8	0x00000010	[339] __ZN4_STLL18_S_money_get_wcharE
0x000C95B8	0x00000010	[339] __ZN4_STLL18_S_money_put_wcharE
0x000C95C8	0x00000010	[339] __ZN4_STLL12_S_b_classicE
0x000C95D8	0x0000000C	[339] __ZN4_STLL9_NamelessE
0x000C95E4	0x00000001	[353] __ZZ5abortE8aborting
0x000C95E8	0x00000280	[353] __ZL7g_Files
0x000C9868	0x00000100	[354] __ZL9g_AppName
0x000C9968	0x00000004	[355] __ZL15g_AlignedAllocs
0x000C996C	0x00000004	[357] __ZL9g_NumKeys
0x000C9970	0x00000004	[357] __ZL6g_Keys
0x000C9974	0x00000014	[357] __ZL13g_TLSKeysLock
0x000C9988	0x00000400	[357] __ZL11g_TLSBlocks
0x000C9D88	0x00000004	[359] __ZL14g_exit_handler
0x000C9D8C	0x00000400	[360] __ZL9g_Sockets
0x000CA18C	0x00000010	[361] __ZL13s_freeSetting
0x000CA19C	0x00000001	[362] __ZL17g_ConfigCheckDone
0x000CA19D	0x00000003	[362] __ZL13g_ConsoleMode
0x000CA1A0	0x00000004	[362] __ZL14g_TracelineErr
0x000CA1A4	0x00000004	[362] __ZL12g_StderrFile
0x000CA1A8	0x00000004	[362] __ZL14g_TracelineOut
0x000CA1AC	0x00000004	[362] __ZL12g_StdoutFile
0x000CA1B0	0x00000004	[362] __ZL12g_StdinEnded
0x000CA1B4	0x00000004	[362] __ZL13g_StdinBuffer
0x000CA1B8	0x00000004	[362] __ZL11g_StdinFile
0x000CA1BC	0x00000014	[362] __ZL7g_Mutex
0x000CA1D0	0x00000004	[362] __ZL15g_ConsoleString
0x000CA1D4	0x00000004	[362] __ZL12g_StdinStart
0x000CA1D8	0x00000001	[362] __ZZL10DrawCursorbbE7g_White
0x000CA1DC	0x00000004	[367] __ZL7current
0x000CA1E0	0x00000004	[367] __ZL3def
0x000CA1E4	0x00000004	[370] __ZL8g_GotExt
0x000CA1E8	0x00000004	[370] __ZL5g_Ext
0x000CA1EC	0x00000001	[370] __ZL10g_TriedExt
0x000CA1ED	0x00000001	[370] __ZL15g_TriedNoMsgExt
0x000CA1F0	0x00000004	[371] __ZL8g_GotExt
0x000CA1F4	0x00000050	[371] __ZL5g_Ext
0x000CA244	0x00000001	[371] __ZL10g_TriedExt
0x000CA245	0x00000001	[371] __ZL15g_TriedNoMsgExt
0x000CA246	0x00000300	[374] __Z9g_Message
0x000CA546	0x00000014	[711] _ezero
0x000CA55C	0x00000004	[763] _prev_tzenv
0x000CA560	0x0000000B	[763] ___tzname_std
0x000CA56B	0x0000000B	[763] ___tzname_dst
